Archive member included to satisfy reference by file (symbol)

libfreertos.a(queue.c.obj)    CMakeFiles/lab3.dir/lab3.c.obj (xQueueGenericCreate)
libfreertos.a(tasks.c.obj)    CMakeFiles/lab3.dir/lab3.c.obj (xTaskCreate)
libfreertos.a(timers.c.obj)   libfreertos.a(tasks.c.obj) (xTimerCreateTimerTask)
libfreertos.a(heap_3.c.obj)   libfreertos.a(queue.c.obj) (pvPortMalloc)
libfreertos.a(port.c.obj)     libfreertos.a(tasks.c.obj) (pxPortInitialiseStack)
libfreertos.a(list.c.obj)     libfreertos.a(queue.c.obj) (vListInitialise)
/usr/lib/gcc/arm-none-eabi/10.3.1/thumb/v6-m/nofp/libgcc.a(_dvmd_tls.o)
                              CMakeFiles/lab3.dir/home/ian/src/pico/pico-sdk/src/rp2_common/pico_divider/divider.S.obj (__aeabi_idiv0)
/usr/lib/gcc/arm-none-eabi/10.3.1/../../../arm-none-eabi/lib/thumb/v6-m/nofp/libc.a(lib_a-atexit.o)
                              /usr/lib/gcc/arm-none-eabi/10.3.1/../../../arm-none-eabi/lib/thumb/v6-m/nofp/crt0.o (atexit)
/usr/lib/gcc/arm-none-eabi/10.3.1/../../../arm-none-eabi/lib/thumb/v6-m/nofp/libc.a(lib_a-calloc.o)
                              CMakeFiles/lab3.dir/home/ian/src/pico/pico-sdk/src/rp2_common/pico_malloc/pico_malloc.c.obj (calloc)
/usr/lib/gcc/arm-none-eabi/10.3.1/../../../arm-none-eabi/lib/thumb/v6-m/nofp/libc.a(lib_a-callocr.o)
                              /usr/lib/gcc/arm-none-eabi/10.3.1/../../../arm-none-eabi/lib/thumb/v6-m/nofp/libc.a(lib_a-calloc.o) (_calloc_r)
/usr/lib/gcc/arm-none-eabi/10.3.1/../../../arm-none-eabi/lib/thumb/v6-m/nofp/libc.a(lib_a-fini.o)
                              /usr/lib/gcc/arm-none-eabi/10.3.1/../../../arm-none-eabi/lib/thumb/v6-m/nofp/crt0.o (__libc_fini_array)
/usr/lib/gcc/arm-none-eabi/10.3.1/../../../arm-none-eabi/lib/thumb/v6-m/nofp/libc.a(lib_a-impure.o)
                              /usr/lib/gcc/arm-none-eabi/10.3.1/../../../arm-none-eabi/lib/thumb/v6-m/nofp/libc.a(lib_a-calloc.o) (_impure_ptr)
/usr/lib/gcc/arm-none-eabi/10.3.1/../../../arm-none-eabi/lib/thumb/v6-m/nofp/libc.a(lib_a-init.o)
                              /usr/lib/gcc/arm-none-eabi/10.3.1/../../../arm-none-eabi/lib/thumb/v6-m/nofp/crt0.o (__libc_init_array)
/usr/lib/gcc/arm-none-eabi/10.3.1/../../../arm-none-eabi/lib/thumb/v6-m/nofp/libc.a(lib_a-malloc.o)
                              CMakeFiles/lab3.dir/home/ian/src/pico/pico-sdk/src/rp2_common/pico_malloc/pico_malloc.c.obj (malloc)
/usr/lib/gcc/arm-none-eabi/10.3.1/../../../arm-none-eabi/lib/thumb/v6-m/nofp/libc.a(lib_a-mallocr.o)
                              /usr/lib/gcc/arm-none-eabi/10.3.1/../../../arm-none-eabi/lib/thumb/v6-m/nofp/libc.a(lib_a-callocr.o) (_malloc_r)
/usr/lib/gcc/arm-none-eabi/10.3.1/../../../arm-none-eabi/lib/thumb/v6-m/nofp/libc.a(lib_a-mlock.o)
                              /usr/lib/gcc/arm-none-eabi/10.3.1/../../../arm-none-eabi/lib/thumb/v6-m/nofp/libc.a(lib_a-mallocr.o) (__malloc_lock)
/usr/lib/gcc/arm-none-eabi/10.3.1/../../../arm-none-eabi/lib/thumb/v6-m/nofp/libc.a(lib_a-rand.o)
                              CMakeFiles/lab3.dir/lab3.c.obj (rand)
/usr/lib/gcc/arm-none-eabi/10.3.1/../../../arm-none-eabi/lib/thumb/v6-m/nofp/libc.a(lib_a-realloc.o)
                              CMakeFiles/lab3.dir/home/ian/src/pico/pico-sdk/src/rp2_common/pico_malloc/pico_malloc.c.obj (realloc)
/usr/lib/gcc/arm-none-eabi/10.3.1/../../../arm-none-eabi/lib/thumb/v6-m/nofp/libc.a(lib_a-reallocr.o)
                              /usr/lib/gcc/arm-none-eabi/10.3.1/../../../arm-none-eabi/lib/thumb/v6-m/nofp/libc.a(lib_a-realloc.o) (_realloc_r)
/usr/lib/gcc/arm-none-eabi/10.3.1/../../../arm-none-eabi/lib/thumb/v6-m/nofp/libc.a(lib_a-sbrkr.o)
                              /usr/lib/gcc/arm-none-eabi/10.3.1/../../../arm-none-eabi/lib/thumb/v6-m/nofp/libc.a(lib_a-mallocr.o) (_sbrk_r)
/usr/lib/gcc/arm-none-eabi/10.3.1/../../../arm-none-eabi/lib/thumb/v6-m/nofp/libc.a(lib_a-strlen-stub.o)
                              CMakeFiles/lab3.dir/home/ian/src/pico/pico-sdk/src/rp2_common/pico_stdio/stdio.c.obj (strlen)
/usr/lib/gcc/arm-none-eabi/10.3.1/../../../arm-none-eabi/lib/thumb/v6-m/nofp/libc.a(lib_a-__atexit.o)
                              /usr/lib/gcc/arm-none-eabi/10.3.1/../../../arm-none-eabi/lib/thumb/v6-m/nofp/libc.a(lib_a-atexit.o) (__register_exitproc)
/usr/lib/gcc/arm-none-eabi/10.3.1/../../../arm-none-eabi/lib/thumb/v6-m/nofp/libc.a(lib_a-freer.o)
                              /usr/lib/gcc/arm-none-eabi/10.3.1/../../../arm-none-eabi/lib/thumb/v6-m/nofp/libc.a(lib_a-malloc.o) (_free_r)
/usr/lib/gcc/arm-none-eabi/10.3.1/../../../arm-none-eabi/lib/thumb/v6-m/nofp/libc.a(lib_a-memmove.o)
                              /usr/lib/gcc/arm-none-eabi/10.3.1/../../../arm-none-eabi/lib/thumb/v6-m/nofp/libc.a(lib_a-reallocr.o) (memmove)
/usr/lib/gcc/arm-none-eabi/10.3.1/../../../arm-none-eabi/lib/thumb/v6-m/nofp/libc.a(lib_a-reent.o)
                              /usr/lib/gcc/arm-none-eabi/10.3.1/../../../arm-none-eabi/lib/thumb/v6-m/nofp/libc.a(lib_a-sbrkr.o) (errno)

Discarded input sections

[...]
Memory Configuration

Name             Origin             Length             Attributes
FLASH            0x0000000010000000 0x0000000000200000 xr
RAM              0x0000000020000000 0x0000000000040000 xrw
SCRATCH_X        0x0000000020040000 0x0000000000001000 xrw
SCRATCH_Y        0x0000000020041000 0x0000000000001000 xrw
*default*        0x0000000000000000 0xffffffffffffffff

Linker script and memory map

LOAD /usr/lib/gcc/arm-none-eabi/10.3.1/thumb/v6-m/nofp/crti.o
LOAD /usr/lib/gcc/arm-none-eabi/10.3.1/thumb/v6-m/nofp/crtbegin.o
LOAD /usr/lib/gcc/arm-none-eabi/10.3.1/../../../arm-none-eabi/lib/thumb/v6-m/nofp/crt0.o

.flash_begin    0x0000000010000000        0x0
                0x0000000010000000                __flash_binary_start = .

.boot2          0x0000000010000000      0x100
                0x0000000010000000                __boot2_start__ = .
 *(.boot2)
 .boot2         0x0000000010000000      0x100 /tmp/cc0rVusG.o
                0x0000000010000100                __boot2_end__ = .
                0x0000000000000001                ASSERT (((__boot2_end__ - __boot2_start__) == 0x100), ERROR: Pico second stage bootloader must be 256 bytes in size)

.text           0x0000000010000100     0xaaf8
                0x0000000010000100                __logical_binary_start = .
 *(.vectors)
 .vectors       0x0000000010000100       0xd4 CMakeFiles/lab3.dir/home/ian/src/pico/pico-sdk/src/rp2_common/pico_standard_link/crt0.S.obj
                0x0000000010000100                __vectors
                0x0000000010000100                __VECTOR_TABLE
                0x00000000100001c0                isr_invalid
                0x00000000100001c0                __default_isrs_start
                0x00000000100001c2                isr_nmi
                0x00000000100001c4                isr_hardfault
                0x00000000100001cc                isr_irq30
                0x00000000100001cc                __unhandled_user_irq
                0x00000000100001cc                isr_irq13
                0x00000000100001cc                isr_irq27
                0x00000000100001cc                isr_irq31
                0x00000000100001cc                isr_irq5
                0x00000000100001cc                isr_irq11
                0x00000000100001cc                isr_irq23
                0x00000000100001cc                isr_irq18
                0x00000000100001cc                isr_irq28
                0x00000000100001cc                isr_irq19
                0x00000000100001cc                isr_irq0
                0x00000000100001cc                isr_irq6
                0x00000000100001cc                isr_irq22
                0x00000000100001cc                isr_irq17
                0x00000000100001cc                isr_irq14
                0x00000000100001cc                isr_irq2
                0x00000000100001cc                isr_irq10
                0x00000000100001cc                isr_irq8
                0x00000000100001cc                isr_irq24
                0x00000000100001cc                isr_irq1
                0x00000000100001cc                isr_irq7
                0x00000000100001cc                isr_irq21
                0x00000000100001cc                isr_irq20
                0x00000000100001cc                isr_irq15
                0x00000000100001cc                isr_irq25
                0x00000000100001cc                isr_irq4
                0x00000000100001cc                isr_irq16
                0x00000000100001cc                isr_irq29
                0x00000000100001cc                isr_irq26
                0x00000000100001cc                __default_isrs_end
                0x00000000100001cc                isr_irq3
                0x00000000100001cc                isr_irq12
                0x00000000100001cc                isr_irq9
                0x00000000100001d2                unhandled_user_irq_num_in_r0
 *(.binary_info_header)
 .binary_info_header
                0x00000000100001d4       0x14 CMakeFiles/lab3.dir/home/ian/src/pico/pico-sdk/src/rp2_common/pico_standard_link/crt0.S.obj
                0x00000000100001e8                __binary_info_header_end = .
 *(.reset)
 .reset         0x00000000100001e8       0xa8 CMakeFiles/lab3.dir/home/ian/src/pico/pico-sdk/src/rp2_common/pico_standard_link/crt0.S.obj
                0x00000000100001e8                _entry_point
                0x0000000010000266                __get_current_exception
 .reset         0x0000000010000290       0x30 CMakeFiles/lab3.dir/home/ian/src/pico/pico-sdk/src/rp2_common/pico_standard_link/binary_info.c.obj
 *(.init)
 .init          0x00000000100002c0        0x4 /usr/lib/gcc/arm-none-eabi/10.3.1/thumb/v6-m/nofp/crti.o
                0x00000000100002c0                _init
 *(EXCLUDE_FILE(*libm.a: *libc.a:*lib_a-mem*.o *libgcc.a:) .text*)
 .text          0x00000000100002c4       0x98 /usr/lib/gcc/arm-none-eabi/10.3.1/thumb/v6-m/nofp/crtbegin.o
 .text.heartbeat
                0x000000001000035c       0x78 CMakeFiles/lab3.dir/lab3.c.obj
                0x000000001000035c                heartbeat
 .text.producer
                0x00000000100003d4       0x60 CMakeFiles/lab3.dir/lab3.c.obj
                0x00000000100003d4                producer
 .text.consumer
                0x0000000010000434       0xb8 CMakeFiles/lab3.dir/lab3.c.obj
                0x0000000010000434                consumer
 .text.hardware_init
                0x00000000100004ec       0x40 CMakeFiles/lab3.dir/lab3.c.obj
                0x00000000100004ec                hardware_init
 .text.startup.main
                0x000000001000052c       0xec CMakeFiles/lab3.dir/lab3.c.obj
                0x000000001000052c                main
 .text._assert_failed
                0x0000000010000618       0x38 CMakeFiles/lab3.dir/myAssert.c.obj
                0x0000000010000618                _assert_failed
 .text.gpio_set_pulls
                0x0000000010000650       0x30 CMakeFiles/lab3.dir/home/ian/src/pico/pico-sdk/src/rp2_common/hardware_gpio/gpio.c.obj
                0x0000000010000650                gpio_set_pulls
 .text.gpio_init
                0x0000000010000680       0x3c CMakeFiles/lab3.dir/home/ian/src/pico/pico-sdk/src/rp2_common/hardware_gpio/gpio.c.obj
                0x0000000010000680                gpio_init
 .text.hw_claim_or_assert
                0x00000000100006bc       0x44 CMakeFiles/lab3.dir/home/ian/src/pico/pico-sdk/src/rp2_common/hardware_claim/claim.c.obj
                0x00000000100006bc                hw_claim_or_assert
 .text.hw_claim_unused_from_range
                0x0000000010000700       0x9c CMakeFiles/lab3.dir/home/ian/src/pico/pico-sdk/src/rp2_common/hardware_claim/claim.c.obj
                0x0000000010000700                hw_claim_unused_from_range
 .text.running_on_fpga
                0x000000001000079c       0x10 CMakeFiles/lab3.dir/home/ian/src/pico/pico-sdk/src/rp2_common/pico_platform/platform.c.obj
                0x000000001000079c                running_on_fpga
 .text.spin_locks_reset
                0x00000000100007ac       0x1c CMakeFiles/lab3.dir/home/ian/src/pico/pico-sdk/src/rp2_common/hardware_sync/sync.c.obj
                0x00000000100007ac                spin_locks_reset
 .text.next_striped_spin_lock_num
                0x00000000100007c8       0x18 CMakeFiles/lab3.dir/home/ian/src/pico/pico-sdk/src/rp2_common/hardware_sync/sync.c.obj
                0x00000000100007c8                next_striped_spin_lock_num
 .text.spin_lock_claim_unused
                0x00000000100007e0       0x20 CMakeFiles/lab3.dir/home/ian/src/pico/pico-sdk/src/rp2_common/hardware_sync/sync.c.obj
                0x00000000100007e0                spin_lock_claim_unused
 .text.irq_set_enabled
                0x0000000010000800       0x24 CMakeFiles/lab3.dir/home/ian/src/pico/pico-sdk/src/rp2_common/hardware_irq/irq.c.obj
                0x0000000010000800                irq_set_enabled
 .text.irq_set_pending
                0x0000000010000824       0x10 CMakeFiles/lab3.dir/home/ian/src/pico/pico-sdk/src/rp2_common/hardware_irq/irq.c.obj
                0x0000000010000824                irq_set_pending
 .text.irq_has_shared_handler
                0x0000000010000834       0x2c CMakeFiles/lab3.dir/home/ian/src/pico/pico-sdk/src/rp2_common/hardware_irq/irq.c.obj
                0x0000000010000834                irq_has_shared_handler
 .text.irq_get_vtable_handler
                0x0000000010000860       0x10 CMakeFiles/lab3.dir/home/ian/src/pico/pico-sdk/src/rp2_common/hardware_irq/irq.c.obj
                0x0000000010000860                irq_get_vtable_handler
 .text.irq_set_exclusive_handler
                0x0000000010000870       0x54 CMakeFiles/lab3.dir/home/ian/src/pico/pico-sdk/src/rp2_common/hardware_irq/irq.c.obj
                0x0000000010000870                irq_set_exclusive_handler
 .text.irq_add_shared_handler
                0x00000000100008c4      0x1e4 CMakeFiles/lab3.dir/home/ian/src/pico/pico-sdk/src/rp2_common/hardware_irq/irq.c.obj
                0x00000000100008c4                irq_add_shared_handler
 .text.irq_remove_handler
                0x0000000010000aa8      0x1b4 CMakeFiles/lab3.dir/home/ian/src/pico/pico-sdk/src/rp2_common/hardware_irq/irq.c.obj
                0x0000000010000aa8                irq_remove_handler
 .text.irq_add_tail_to_free_list
                0x0000000010000c5c       0xb4 CMakeFiles/lab3.dir/home/ian/src/pico/pico-sdk/src/rp2_common/hardware_irq/irq.c.obj
                0x0000000010000c5c                irq_add_tail_to_free_list
 .text.irq_init_priorities
                0x0000000010000d10       0x24 CMakeFiles/lab3.dir/home/ian/src/pico/pico-sdk/src/rp2_common/hardware_irq/irq.c.obj
                0x0000000010000d10                irq_init_priorities
 .text.user_irq_claim_unused
                0x0000000010000d34       0x30 CMakeFiles/lab3.dir/home/ian/src/pico/pico-sdk/src/rp2_common/hardware_irq/irq.c.obj
                0x0000000010000d34                user_irq_claim_unused
 .text.lock_init
                0x0000000010000d64       0x10 CMakeFiles/lab3.dir/home/ian/src/pico/pico-sdk/src/common/pico_sync/lock_core.c.obj
                0x0000000010000d64                lock_init
 .text.timer_pool_entry_comparator
                0x0000000010000d74       0x34 CMakeFiles/lab3.dir/home/ian/src/pico/pico-sdk/src/common/pico_time/time.c.obj
                0x0000000010000d74                timer_pool_entry_comparator
 .text.sleep_until_callback
                0x0000000010000da8       0x30 CMakeFiles/lab3.dir/home/ian/src/pico/pico-sdk/src/common/pico_time/time.c.obj
 .text.add_alarm_under_lock.isra.0
                0x0000000010000dd8      0x100 CMakeFiles/lab3.dir/home/ian/src/pico/pico-sdk/src/common/pico_time/time.c.obj
 .text.alarm_pool_alarm_callback
                0x0000000010000ed8      0x1c8 CMakeFiles/lab3.dir/home/ian/src/pico/pico-sdk/src/common/pico_time/time.c.obj
 .text.alarm_pool_add_alarm_at.constprop.0
                0x00000000100010a0      0x11c CMakeFiles/lab3.dir/home/ian/src/pico/pico-sdk/src/common/pico_time/time.c.obj
 .text.alarm_pool_init_default
                0x00000000100011bc       0x64 CMakeFiles/lab3.dir/home/ian/src/pico/pico-sdk/src/common/pico_time/time.c.obj
                0x00000000100011bc                alarm_pool_init_default
 .text.alarm_pool_get_default
                0x0000000010001220        0x8 CMakeFiles/lab3.dir/home/ian/src/pico/pico-sdk/src/common/pico_time/time.c.obj
                0x0000000010001220                alarm_pool_get_default
 .text.alarm_pool_add_alarm_at
                0x0000000010001228      0x194 CMakeFiles/lab3.dir/home/ian/src/pico/pico-sdk/src/common/pico_time/time.c.obj
                0x0000000010001228                alarm_pool_add_alarm_at
 .text.sleep_until
                0x00000000100013bc       0xac CMakeFiles/lab3.dir/home/ian/src/pico/pico-sdk/src/common/pico_time/time.c.obj
                0x00000000100013bc                sleep_until
 .text.sleep_ms
                0x0000000010001468       0x38 CMakeFiles/lab3.dir/home/ian/src/pico/pico-sdk/src/common/pico_time/time.c.obj
                0x0000000010001468                sleep_ms
 .text.best_effort_wfe_or_timeout
                0x00000000100014a0       0xd4 CMakeFiles/lab3.dir/home/ian/src/pico/pico-sdk/src/common/pico_time/time.c.obj
                0x00000000100014a0                best_effort_wfe_or_timeout
 .text.hardware_alarm_irq_handler
                0x0000000010001574       0xb8 CMakeFiles/lab3.dir/home/ian/src/pico/pico-sdk/src/rp2_common/hardware_timer/timer.c.obj
 .text.hardware_alarm_claim
                0x000000001000162c       0x18 CMakeFiles/lab3.dir/home/ian/src/pico/pico-sdk/src/rp2_common/hardware_timer/timer.c.obj
                0x000000001000162c                hardware_alarm_claim
 .text.time_us_64
                0x0000000010001644       0x14 CMakeFiles/lab3.dir/home/ian/src/pico/pico-sdk/src/rp2_common/hardware_timer/timer.c.obj
                0x0000000010001644                time_us_64
 .text.busy_wait_until
                0x0000000010001658       0x20 CMakeFiles/lab3.dir/home/ian/src/pico/pico-sdk/src/rp2_common/hardware_timer/timer.c.obj
                0x0000000010001658                busy_wait_until
 .text.hardware_alarm_set_callback
                0x0000000010001678       0x8c CMakeFiles/lab3.dir/home/ian/src/pico/pico-sdk/src/rp2_common/hardware_timer/timer.c.obj
                0x0000000010001678                hardware_alarm_set_callback
 .text.hardware_alarm_set_target
                0x0000000010001704       0xe0 CMakeFiles/lab3.dir/home/ian/src/pico/pico-sdk/src/rp2_common/hardware_timer/timer.c.obj
                0x0000000010001704                hardware_alarm_set_target
 .text.hardware_alarm_cancel
                0x00000000100017e4       0x3c CMakeFiles/lab3.dir/home/ian/src/pico/pico-sdk/src/rp2_common/hardware_timer/timer.c.obj
                0x00000000100017e4                hardware_alarm_cancel
 .text.ph_merge_nodes
                0x0000000010001820       0x68 CMakeFiles/lab3.dir/home/ian/src/pico/pico-sdk/src/common/pico_util/pheap.c.obj
 .text.ph_post_alloc_init
                0x0000000010001888       0x3c CMakeFiles/lab3.dir/home/ian/src/pico/pico-sdk/src/common/pico_util/pheap.c.obj
                0x0000000010001888                ph_post_alloc_init
 .text.ph_merge_two_pass
                0x00000000100018c4       0x90 CMakeFiles/lab3.dir/home/ian/src/pico/pico-sdk/src/common/pico_util/pheap.c.obj
                0x00000000100018c4                ph_merge_two_pass
 .text.ph_remove_any_head
                0x0000000010001954       0xf8 CMakeFiles/lab3.dir/home/ian/src/pico/pico-sdk/src/common/pico_util/pheap.c.obj
 .text.ph_remove_head
                0x0000000010001a4c       0xfc CMakeFiles/lab3.dir/home/ian/src/pico/pico-sdk/src/common/pico_util/pheap.c.obj
                0x0000000010001a4c                ph_remove_head
 .text.ph_remove_and_free_node
                0x0000000010001b48       0x7c CMakeFiles/lab3.dir/home/ian/src/pico/pico-sdk/src/common/pico_util/pheap.c.obj
                0x0000000010001b48                ph_remove_and_free_node
 .text.mutex_init
                0x0000000010001bc4       0x1c CMakeFiles/lab3.dir/home/ian/src/pico/pico-sdk/src/common/pico_sync/mutex.c.obj
                0x0000000010001bc4                mutex_init
 .text.recursive_mutex_init
                0x0000000010001be0       0x1c CMakeFiles/lab3.dir/home/ian/src/pico/pico-sdk/src/common/pico_sync/mutex.c.obj
                0x0000000010001be0                recursive_mutex_init
 .text.critical_section_init
                0x0000000010001bfc       0x20 CMakeFiles/lab3.dir/home/ian/src/pico/pico-sdk/src/common/pico_sync/critical_section.c.obj
                0x0000000010001bfc                critical_section_init
 .text.runtime_init
                0x0000000010001c1c       0xf0 CMakeFiles/lab3.dir/home/ian/src/pico/pico-sdk/src/rp2_common/pico_runtime/runtime.c.obj
                0x0000000010001c1c                runtime_init
 .text._sbrk    0x0000000010001d0c       0x34 CMakeFiles/lab3.dir/home/ian/src/pico/pico-sdk/src/rp2_common/pico_runtime/runtime.c.obj
                0x0000000010001d0c                _sbrk
 .text.exit     0x0000000010001d40        0x4 CMakeFiles/lab3.dir/home/ian/src/pico/pico-sdk/src/rp2_common/pico_runtime/runtime.c.obj
                0x0000000010001d40                exit
 .text.panic    0x0000000010001d44       0x30 CMakeFiles/lab3.dir/home/ian/src/pico/pico-sdk/src/rp2_common/pico_runtime/runtime.c.obj
                0x0000000010001d44                panic
 .text.hard_assertion_failure
                0x0000000010001d74        0xc CMakeFiles/lab3.dir/home/ian/src/pico/pico-sdk/src/rp2_common/pico_runtime/runtime.c.obj
                0x0000000010001d74                hard_assertion_failure
 .text.clocks_init
                0x0000000010001d80      0x2bc CMakeFiles/lab3.dir/home/ian/src/pico/pico-sdk/src/rp2_common/hardware_clocks/clocks.c.obj
                0x0000000010001d80                clocks_init
 .text.pll_init
                0x000000001000203c       0xb0 CMakeFiles/lab3.dir/home/ian/src/pico/pico-sdk/src/rp2_common/hardware_pll/pll.c.obj
                0x000000001000203c                pll_init
 .text.watchdog_start_tick
                0x00000000100020ec       0x10 CMakeFiles/lab3.dir/home/ian/src/pico/pico-sdk/src/rp2_common/hardware_watchdog/watchdog.c.obj
                0x00000000100020ec                watchdog_start_tick
 .text.watchdog_reboot
                0x00000000100020fc       0x98 CMakeFiles/lab3.dir/home/ian/src/pico/pico-sdk/src/rp2_common/hardware_watchdog/watchdog.c.obj
                0x00000000100020fc                watchdog_reboot
 .text.xosc_init
                0x0000000010002194       0x28 CMakeFiles/lab3.dir/home/ian/src/pico/pico-sdk/src/rp2_common/hardware_xosc/xosc.c.obj
                0x0000000010002194                xosc_init
 .text._out_null
                0x00000000100021bc        0x4 CMakeFiles/lab3.dir/home/ian/src/pico/pico-sdk/src/rp2_common/pico_printf/printf.c.obj
 .text._out_rev
                0x00000000100021c0       0x9c CMakeFiles/lab3.dir/home/ian/src/pico/pico-sdk/src/rp2_common/pico_printf/printf.c.obj
 .text._ntoa_format
                0x000000001000225c      0x1cc CMakeFiles/lab3.dir/home/ian/src/pico/pico-sdk/src/rp2_common/pico_printf/printf.c.obj
 .text._out_char
                0x0000000010002428       0x10 CMakeFiles/lab3.dir/home/ian/src/pico/pico-sdk/src/rp2_common/pico_printf/printf.c.obj
 .text._out_fct
                0x0000000010002438       0x10 CMakeFiles/lab3.dir/home/ian/src/pico/pico-sdk/src/rp2_common/pico_printf/printf.c.obj
 .text._etoa    0x0000000010002448      0x44c CMakeFiles/lab3.dir/home/ian/src/pico/pico-sdk/src/rp2_common/pico_printf/printf.c.obj
 .text._ftoa    0x0000000010002894      0x398 CMakeFiles/lab3.dir/home/ian/src/pico/pico-sdk/src/rp2_common/pico_printf/printf.c.obj
 .text._vsnprintf
                0x0000000010002c2c      0xb04 CMakeFiles/lab3.dir/home/ian/src/pico/pico-sdk/src/rp2_common/pico_printf/printf.c.obj
 .text.vfctprintf
                0x0000000010003730       0x20 CMakeFiles/lab3.dir/home/ian/src/pico/pico-sdk/src/rp2_common/pico_printf/printf.c.obj
                0x0000000010003730                vfctprintf
 .text.weak_raw_vprintf
                0x0000000010003750       0x30 CMakeFiles/lab3.dir/home/ian/src/pico/pico-sdk/src/rp2_common/pico_printf/printf.c.obj
                0x0000000010003750                weak_raw_vprintf
 .text          0x0000000010003780       0x10 CMakeFiles/lab3.dir/home/ian/src/pico/pico-sdk/src/rp2_common/pico_bit_ops/bit_ops_aeabi.S.obj
 .text.rom_func_lookup
                0x0000000010003790       0x10 CMakeFiles/lab3.dir/home/ian/src/pico/pico-sdk/src/rp2_common/pico_bootrom/bootrom.c.obj
                0x0000000010003790                rom_func_lookup
 .text.rom_data_lookup
                0x00000000100037a0       0x10 CMakeFiles/lab3.dir/home/ian/src/pico/pico-sdk/src/rp2_common/pico_bootrom/bootrom.c.obj
                0x00000000100037a0                rom_data_lookup
 .text.rom_funcs_lookup
                0x00000000100037b0       0x44 CMakeFiles/lab3.dir/home/ian/src/pico/pico-sdk/src/rp2_common/pico_bootrom/bootrom.c.obj
                0x00000000100037b0                rom_funcs_lookup
 .text.__wrap___aeabi_idiv
                0x00000000100037f4       0x50 CMakeFiles/lab3.dir/home/ian/src/pico/pico-sdk/src/rp2_common/pico_divider/divider.S.obj
                0x00000000100037f4                __wrap___aeabi_idivmod
                0x00000000100037f4                divmod_s32s32
                0x00000000100037f4                div_s32s32
                0x00000000100037f4                __wrap___aeabi_idiv
                0x00000000100037fc                divmod_s32s32_unsafe
                0x0000000010003828                divmod_s32s32_savestate
 .text.__wrap___aeabi_uidiv
                0x0000000010003844       0x4c CMakeFiles/lab3.dir/home/ian/src/pico/pico-sdk/src/rp2_common/pico_divider/divider.S.obj
                0x0000000010003844                __wrap___aeabi_uidiv
                0x0000000010003844                __wrap___aeabi_uidivmod
                0x0000000010003844                div_u32u32
                0x0000000010003844                divmod_u32u32
                0x000000001000384c                divmod_u32u32_unsafe
                0x0000000010003874                divmod_u32u32_savestate
 .text.__wrap___aeabi_ldiv
                0x0000000010003890      0x434 CMakeFiles/lab3.dir/home/ian/src/pico/pico-sdk/src/rp2_common/pico_divider/divider.S.obj
                0x0000000010003890                div_s64s64
                0x0000000010003890                divmod_s64s64
                0x0000000010003890                __wrap___aeabi_ldivmod
                0x00000000100038c8                div_u64u64
                0x00000000100038c8                divmod_u64u64
                0x00000000100038c8                __wrap___aeabi_uldivmod
                0x00000000100038d8                divmod_u64u64_savestate
                0x0000000010003900                divmod_s64s64_unsafe
                0x0000000010003988                divmod_u64u64_unsafe
 .text.__wrap___aeabi_darithmetic
                0x0000000010003cc4       0x80 CMakeFiles/lab3.dir/home/ian/src/pico/pico-sdk/src/rp2_common/pico_double/double_aeabi.S.obj
                0x0000000010003cc4                __wrap___aeabi_drsub
                0x0000000010003cca                __wrap___aeabi_dsub
                0x0000000010003cdc                __wrap___aeabi_dadd
                0x0000000010003cee                __wrap___aeabi_ddiv
                0x0000000010003d2a                __wrap___aeabi_dmul
 .text.__wrap___aeabi_cdcmple
                0x0000000010003d44       0x6c CMakeFiles/lab3.dir/home/ian/src/pico/pico-sdk/src/rp2_common/pico_double/double_aeabi.S.obj
                0x0000000010003d44                __wrap___aeabi_cdrcmple
                0x0000000010003d54                __wrap___aeabi_cdcmple
                0x0000000010003d54                __wrap___aeabi_cdcmpeq
 .text.__wrap___aeabi_dcmplt
                0x0000000010003db0        0xc CMakeFiles/lab3.dir/home/ian/src/pico/pico-sdk/src/rp2_common/pico_double/double_aeabi.S.obj
                0x0000000010003db0                __wrap___aeabi_dcmplt
 .text.__wrap___aeabi_dcmple
                0x0000000010003dbc       0x10 CMakeFiles/lab3.dir/home/ian/src/pico/pico-sdk/src/rp2_common/pico_double/double_aeabi.S.obj
                0x0000000010003dbc                __wrap___aeabi_dcmple
 .text.__wrap___aeabi_dcmpge
                0x0000000010003dcc       0x10 CMakeFiles/lab3.dir/home/ian/src/pico/pico-sdk/src/rp2_common/pico_double/double_aeabi.S.obj
                0x0000000010003dcc                __wrap___aeabi_dcmpge
 .text.__wrap___aeabi_dcmpgt
                0x0000000010003ddc        0xa CMakeFiles/lab3.dir/home/ian/src/pico/pico-sdk/src/rp2_common/pico_double/double_aeabi.S.obj
                0x0000000010003ddc                __wrap___aeabi_dcmpgt
 .text.__wrap___aeabi_dcmpun
                0x0000000010003de6       0x1c CMakeFiles/lab3.dir/home/ian/src/pico/pico-sdk/src/rp2_common/pico_double/double_aeabi.S.obj
                0x0000000010003de6                __wrap___aeabi_dcmpun
 *fill*         0x0000000010003e02        0x2 
 .text.__wrap___aeabi_i2d
                0x0000000010003e04       0x38 CMakeFiles/lab3.dir/home/ian/src/pico/pico-sdk/src/rp2_common/pico_double/double_aeabi.S.obj
                0x0000000010003e04                __wrap___aeabi_ui2d
                0x0000000010003e0c                __wrap___aeabi_i2d
 .text.__wrap___aeabi_d2iz
                0x0000000010003e3c       0x48 CMakeFiles/lab3.dir/home/ian/src/pico/pico-sdk/src/rp2_common/pico_double/double_aeabi.S.obj
                0x0000000010003e3c                __wrap___aeabi_d2iz
                0x0000000010003e3c                double2int_z
 .text.__wrap___aeabi_d2uiz
                0x0000000010003e84       0x18 CMakeFiles/lab3.dir/home/ian/src/pico/pico-sdk/src/rp2_common/pico_double/double_aeabi.S.obj
                0x0000000010003e84                double2uint
                0x0000000010003e84                __wrap___aeabi_d2uiz
 .text.__aeabi_double_init
                0x0000000010003e9c       0x94 CMakeFiles/lab3.dir/home/ian/src/pico/pico-sdk/src/rp2_common/pico_double/double_init_rom.c.obj
                0x0000000010003e9c                __aeabi_double_init
 .text.double_table_shim_on_use_helper
                0x0000000010003f30       0x2c CMakeFiles/lab3.dir/home/ian/src/pico/pico-sdk/src/rp2_common/pico_double/double_v1_rom_shim.S.obj
                0x0000000010003f30                double_table_shim_on_use_helper
 .text.__wrap___aeabi_dsub
                0x0000000010003f5c       0x10 CMakeFiles/lab3.dir/home/ian/src/pico/pico-sdk/src/rp2_common/pico_double/double_v1_rom_shim.S.obj
                0x0000000010003f5c                drsub_shim
                0x0000000010003f62                dsub_shim
 .text.dadd_shim
                0x0000000010003f6c      0x15c CMakeFiles/lab3.dir/home/ian/src/pico/pico-sdk/src/rp2_common/pico_double/double_v1_rom_shim.S.obj
                0x0000000010003f6c                dadd_shim
 .text.dmul_shim
                0x00000000100040c8      0x15c CMakeFiles/lab3.dir/home/ian/src/pico/pico-sdk/src/rp2_common/pico_double/double_v1_rom_shim.S.obj
                0x00000000100040c8                dmul_shim
 .text.ddiv_shim
                0x0000000010004224      0x1b0 CMakeFiles/lab3.dir/home/ian/src/pico/pico-sdk/src/rp2_common/pico_double/double_v1_rom_shim.S.obj
                0x0000000010004224                ddiv_shim
 .text.double2uint_shim
                0x00000000100043d4        0xe CMakeFiles/lab3.dir/home/ian/src/pico/pico-sdk/src/rp2_common/pico_double/double_v1_rom_shim.S.obj
                0x00000000100043d4                double2uint_shim
                0x00000000100043d6                double2ufix_shim
 *fill*         0x00000000100043e2        0x2 
 .text.double2uint64_shim
                0x00000000100043e4       0x70 CMakeFiles/lab3.dir/home/ian/src/pico/pico-sdk/src/rp2_common/pico_double/double_v1_rom_shim.S.obj
                0x00000000100043e4                double2uint64_shim
                0x00000000100043e6                double2ufix64_shim
                0x0000000010004406                d2fix_a
 .text.dunpacks
                0x0000000010004454       0x3c CMakeFiles/lab3.dir/home/ian/src/pico/pico-sdk/src/rp2_common/pico_double/double_v1_rom_shim.S.obj
                0x0000000010004454                dunpacks
 .text.__aeabi_lmul
                0x0000000010004490       0x32 CMakeFiles/lab3.dir/home/ian/src/pico/pico-sdk/src/rp2_common/pico_int64_ops/pico_int64_ops_aeabi.S.obj
                0x0000000010004490                __wrap___aeabi_lmul
 *fill*         0x00000000100044c2        0x2 
 .text.__aeabi_float_init
                0x00000000100044c4       0x64 CMakeFiles/lab3.dir/home/ian/src/pico/pico-sdk/src/rp2_common/pico_float/float_init_rom.c.obj
                0x00000000100044c4                __aeabi_float_init
 .text.float_table_shim_on_use_helper
                0x0000000010004528       0x2c CMakeFiles/lab3.dir/home/ian/src/pico/pico-sdk/src/rp2_common/pico_float/float_v1_rom_shim.S.obj
                0x0000000010004528                float_table_shim_on_use_helper
 .text.__wrap_malloc
                0x0000000010004554       0x24 CMakeFiles/lab3.dir/home/ian/src/pico/pico-sdk/src/rp2_common/pico_malloc/pico_malloc.c.obj
                0x0000000010004554                __wrap_malloc
 .text.__wrap_calloc
                0x0000000010004578       0x24 CMakeFiles/lab3.dir/home/ian/src/pico/pico-sdk/src/rp2_common/pico_malloc/pico_malloc.c.obj
                0x0000000010004578                __wrap_calloc
 .text.__wrap_free
                0x000000001000459c        0x8 CMakeFiles/lab3.dir/home/ian/src/pico/pico-sdk/src/rp2_common/pico_malloc/pico_malloc.c.obj
                0x000000001000459c                __wrap_free
 .text          0x00000000100045a4       0x10 CMakeFiles/lab3.dir/home/ian/src/pico/pico-sdk/src/rp2_common/pico_mem_ops/mem_ops_aeabi.S.obj
                0x00000000100045a4                __aeabi_mem_init
 .text.memset   0x00000000100045b4        0xc CMakeFiles/lab3.dir/home/ian/src/pico/pico-sdk/src/rp2_common/pico_mem_ops/mem_ops_aeabi.S.obj
                0x00000000100045b4                __wrap_memset
 .text.memcpy   0x00000000100045c0        0xc CMakeFiles/lab3.dir/home/ian/src/pico/pico-sdk/src/rp2_common/pico_mem_ops/mem_ops_aeabi.S.obj
                0x00000000100045c0                __wrap___aeabi_memcpy
                0x00000000100045c0                __wrap_memcpy
 .text.stdio_out_chars_no_crlf
                0x00000000100045cc       0x10 CMakeFiles/lab3.dir/home/ian/src/pico/pico-sdk/src/rp2_common/pico_stdio/stdio.c.obj
 .text.stdio_out_chars_crlf
                0x00000000100045dc       0xb4 CMakeFiles/lab3.dir/home/ian/src/pico/pico-sdk/src/rp2_common/pico_stdio/stdio.c.obj
 .text.stdio_buffered_printer
                0x0000000010004690       0x64 CMakeFiles/lab3.dir/home/ian/src/pico/pico-sdk/src/rp2_common/pico_stdio/stdio.c.obj
 .text.stdio_put_string.isra.0
                0x00000000100046f4       0xfc CMakeFiles/lab3.dir/home/ian/src/pico/pico-sdk/src/rp2_common/pico_stdio/stdio.c.obj
 .text.__wrap_putchar
                0x00000000100047f0       0xa0 CMakeFiles/lab3.dir/home/ian/src/pico/pico-sdk/src/rp2_common/pico_stdio/stdio.c.obj
                0x00000000100047f0                __wrap_putchar
 .text.__wrap_puts
                0x0000000010004890       0x3c CMakeFiles/lab3.dir/home/ian/src/pico/pico-sdk/src/rp2_common/pico_stdio/stdio.c.obj
                0x0000000010004890                __wrap_puts
 .text.stdio_set_driver_enabled
                0x00000000100048cc       0x30 CMakeFiles/lab3.dir/home/ian/src/pico/pico-sdk/src/rp2_common/pico_stdio/stdio.c.obj
                0x00000000100048cc                stdio_set_driver_enabled
 .text.__wrap_vprintf
                0x00000000100048fc       0xd8 CMakeFiles/lab3.dir/home/ian/src/pico/pico-sdk/src/rp2_common/pico_stdio/stdio.c.obj
                0x00000000100048fc                __wrap_vprintf
 .text.__wrap_printf
                0x00000000100049d4       0x18 CMakeFiles/lab3.dir/home/ian/src/pico/pico-sdk/src/rp2_common/pico_stdio/stdio.c.obj
                0x00000000100049d4                __wrap_printf
 .text.stdio_init_all
                0x00000000100049ec        0x8 CMakeFiles/lab3.dir/home/ian/src/pico/pico-sdk/src/rp2_common/pico_stdio/stdio.c.obj
                0x00000000100049ec                stdio_init_all
 .text.resetd_init
                0x00000000100049f4        0x4 CMakeFiles/lab3.dir/home/ian/src/pico/pico-sdk/src/rp2_common/pico_stdio_usb/reset_interface.c.obj
 .text.resetd_reset
                0x00000000100049f8        0xc CMakeFiles/lab3.dir/home/ian/src/pico/pico-sdk/src/rp2_common/pico_stdio_usb/reset_interface.c.obj
 .text.resetd_open
                0x0000000010004a04       0x28 CMakeFiles/lab3.dir/home/ian/src/pico/pico-sdk/src/rp2_common/pico_stdio_usb/reset_interface.c.obj
 .text.resetd_xfer_cb
                0x0000000010004a2c        0x4 CMakeFiles/lab3.dir/home/ian/src/pico/pico-sdk/src/rp2_common/pico_stdio_usb/reset_interface.c.obj
 .text.resetd_control_xfer_cb
                0x0000000010004a30       0x64 CMakeFiles/lab3.dir/home/ian/src/pico/pico-sdk/src/rp2_common/pico_stdio_usb/reset_interface.c.obj
 .text.usbd_app_driver_get_cb
                0x0000000010004a94        0xc CMakeFiles/lab3.dir/home/ian/src/pico/pico-sdk/src/rp2_common/pico_stdio_usb/reset_interface.c.obj
                0x0000000010004a94                usbd_app_driver_get_cb
 .text.tud_cdc_line_coding_cb
                0x0000000010004aa0       0x34 CMakeFiles/lab3.dir/home/ian/src/pico/pico-sdk/src/rp2_common/pico_stdio_usb/reset_interface.c.obj
                0x0000000010004aa0                tud_cdc_line_coding_cb
 .text.stdio_usb_in_chars
                0x0000000010004ad4       0x68 CMakeFiles/lab3.dir/home/ian/src/pico/pico-sdk/src/rp2_common/pico_stdio_usb/stdio_usb.c.obj
                0x0000000010004ad4                stdio_usb_in_chars
 .text.stdio_usb_out_chars
                0x0000000010004b3c       0xe4 CMakeFiles/lab3.dir/home/ian/src/pico/pico-sdk/src/rp2_common/pico_stdio_usb/stdio_usb.c.obj
 .text.timer_task
                0x0000000010004c20       0x18 CMakeFiles/lab3.dir/home/ian/src/pico/pico-sdk/src/rp2_common/pico_stdio_usb/stdio_usb.c.obj
 .text.usb_irq  0x0000000010004c38       0x10 CMakeFiles/lab3.dir/home/ian/src/pico/pico-sdk/src/rp2_common/pico_stdio_usb/stdio_usb.c.obj
 .text.low_priority_worker_irq
                0x0000000010004c48       0x24 CMakeFiles/lab3.dir/home/ian/src/pico/pico-sdk/src/rp2_common/pico_stdio_usb/stdio_usb.c.obj
 .text.stdio_usb_init
                0x0000000010004c6c       0xb0 CMakeFiles/lab3.dir/home/ian/src/pico/pico-sdk/src/rp2_common/pico_stdio_usb/stdio_usb.c.obj
                0x0000000010004c6c                stdio_usb_init
 .text.tud_descriptor_device_cb
                0x0000000010004d1c        0x8 CMakeFiles/lab3.dir/home/ian/src/pico/pico-sdk/src/rp2_common/pico_stdio_usb/stdio_usb_descriptors.c.obj
                0x0000000010004d1c                tud_descriptor_device_cb
 .text.tud_descriptor_configuration_cb
                0x0000000010004d24        0x8 CMakeFiles/lab3.dir/home/ian/src/pico/pico-sdk/src/rp2_common/pico_stdio_usb/stdio_usb_descriptors.c.obj
                0x0000000010004d24                tud_descriptor_configuration_cb
 .text.tud_descriptor_string_cb
                0x0000000010004d2c       0x74 CMakeFiles/lab3.dir/home/ian/src/pico/pico-sdk/src/rp2_common/pico_stdio_usb/stdio_usb_descriptors.c.obj
                0x0000000010004d2c                tud_descriptor_string_cb
 .text.dcd_rp2040_irq
                0x0000000010004da0      0x21c CMakeFiles/lab3.dir/home/ian/src/pico/pico-sdk/lib/tinyusb/src/portable/raspberrypi/rp2040/dcd_rp2040.c.obj
 .text.dcd_int_enable
                0x0000000010004fbc        0xc CMakeFiles/lab3.dir/home/ian/src/pico/pico-sdk/lib/tinyusb/src/portable/raspberrypi/rp2040/dcd_rp2040.c.obj
                0x0000000010004fbc                dcd_int_enable
 .text.dcd_set_address
                0x0000000010004fc8       0x14 CMakeFiles/lab3.dir/home/ian/src/pico/pico-sdk/lib/tinyusb/src/portable/raspberrypi/rp2040/dcd_rp2040.c.obj
                0x0000000010004fc8                dcd_set_address
 .text.dcd_connect
                0x0000000010004fdc       0x10 CMakeFiles/lab3.dir/home/ian/src/pico/pico-sdk/lib/tinyusb/src/portable/raspberrypi/rp2040/dcd_rp2040.c.obj
                0x0000000010004fdc                dcd_connect
 .text.dcd_init
                0x0000000010004fec      0x144 CMakeFiles/lab3.dir/home/ian/src/pico/pico-sdk/lib/tinyusb/src/portable/raspberrypi/rp2040/dcd_rp2040.c.obj
                0x0000000010004fec                dcd_init
 .text.dcd_edpt0_status_complete
                0x0000000010005130       0x1c CMakeFiles/lab3.dir/home/ian/src/pico/pico-sdk/lib/tinyusb/src/portable/raspberrypi/rp2040/dcd_rp2040.c.obj
                0x0000000010005130                dcd_edpt0_status_complete
 .text.dcd_edpt_open
                0x000000001000514c       0xf0 CMakeFiles/lab3.dir/home/ian/src/pico/pico-sdk/lib/tinyusb/src/portable/raspberrypi/rp2040/dcd_rp2040.c.obj
                0x000000001000514c                dcd_edpt_open
 .text.dcd_edpt_close_all
                0x000000001000523c       0xbc CMakeFiles/lab3.dir/home/ian/src/pico/pico-sdk/lib/tinyusb/src/portable/raspberrypi/rp2040/dcd_rp2040.c.obj
                0x000000001000523c                dcd_edpt_close_all
 .text.dcd_edpt_xfer
                0x00000000100052f8       0x24 CMakeFiles/lab3.dir/home/ian/src/pico/pico-sdk/lib/tinyusb/src/portable/raspberrypi/rp2040/dcd_rp2040.c.obj
                0x00000000100052f8                dcd_edpt_xfer
 .text.dcd_edpt_stall
                0x000000001000531c       0x38 CMakeFiles/lab3.dir/home/ian/src/pico/pico-sdk/lib/tinyusb/src/portable/raspberrypi/rp2040/dcd_rp2040.c.obj
                0x000000001000531c                dcd_edpt_stall
 .text.dcd_edpt_clear_stall
                0x0000000010005354       0x30 CMakeFiles/lab3.dir/home/ian/src/pico/pico-sdk/lib/tinyusb/src/portable/raspberrypi/rp2040/dcd_rp2040.c.obj
                0x0000000010005354                dcd_edpt_clear_stall
 .text._hw_endpoint_buffer_control_update32.part.0.isra.0
                0x0000000010005384       0x1c CMakeFiles/lab3.dir/home/ian/src/pico/pico-sdk/lib/tinyusb/src/portable/raspberrypi/rp2040/rp2040_usb.c.obj
 .text.rp2040_usb_init
                0x00000000100053a0       0x4c CMakeFiles/lab3.dir/home/ian/src/pico/pico-sdk/lib/tinyusb/src/portable/raspberrypi/rp2040/rp2040_usb.c.obj
                0x00000000100053a0                rp2040_usb_init
 .text.hw_endpoint_reset_transfer
                0x00000000100053ec        0xc CMakeFiles/lab3.dir/home/ian/src/pico/pico-sdk/lib/tinyusb/src/portable/raspberrypi/rp2040/rp2040_usb.c.obj
                0x00000000100053ec                hw_endpoint_reset_transfer
 .text._hw_endpoint_buffer_control_update32
                0x00000000100053f8       0x44 CMakeFiles/lab3.dir/home/ian/src/pico/pico-sdk/lib/tinyusb/src/portable/raspberrypi/rp2040/rp2040_usb.c.obj
                0x00000000100053f8                _hw_endpoint_buffer_control_update32
 .text.hw_endpoint_xfer_start
                0x000000001000543c      0x138 CMakeFiles/lab3.dir/home/ian/src/pico/pico-sdk/lib/tinyusb/src/portable/raspberrypi/rp2040/rp2040_usb.c.obj
                0x000000001000543c                hw_endpoint_xfer_start
 .text.hw_endpoint_xfer_continue
                0x0000000010005574      0x1e4 CMakeFiles/lab3.dir/home/ian/src/pico/pico-sdk/lib/tinyusb/src/portable/raspberrypi/rp2040/rp2040_usb.c.obj
                0x0000000010005574                hw_endpoint_xfer_continue
 .text.tud_mounted
                0x0000000010005758       0x10 CMakeFiles/lab3.dir/home/ian/src/pico/pico-sdk/lib/tinyusb/src/device/usbd.c.obj
                0x0000000010005758                tud_mounted
 .text.tud_suspended
                0x0000000010005768       0x10 CMakeFiles/lab3.dir/home/ian/src/pico/pico-sdk/lib/tinyusb/src/device/usbd.c.obj
                0x0000000010005768                tud_suspended
 .text.tud_inited
                0x0000000010005778        0xc CMakeFiles/lab3.dir/home/ian/src/pico/pico-sdk/lib/tinyusb/src/device/usbd.c.obj
                0x0000000010005778                tud_inited
 .text.tud_init
                0x0000000010005784       0xd8 CMakeFiles/lab3.dir/home/ian/src/pico/pico-sdk/lib/tinyusb/src/device/usbd.c.obj
                0x0000000010005784                tud_init
 .text.tud_task
                0x000000001000585c      0x8ec CMakeFiles/lab3.dir/home/ian/src/pico/pico-sdk/lib/tinyusb/src/device/usbd.c.obj
                0x000000001000585c                tud_task
 .text.dcd_event_bus_signal
                0x0000000010006148      0x120 CMakeFiles/lab3.dir/home/ian/src/pico/pico-sdk/lib/tinyusb/src/device/usbd.c.obj
                0x0000000010006148                dcd_event_bus_signal
 .text.dcd_event_bus_reset
                0x0000000010006268       0x54 CMakeFiles/lab3.dir/home/ian/src/pico/pico-sdk/lib/tinyusb/src/device/usbd.c.obj
                0x0000000010006268                dcd_event_bus_reset
 .text.dcd_event_setup_received
                0x00000000100062bc       0x50 CMakeFiles/lab3.dir/home/ian/src/pico/pico-sdk/lib/tinyusb/src/device/usbd.c.obj
                0x00000000100062bc                dcd_event_setup_received
 .text.dcd_event_xfer_complete
                0x000000001000630c       0x68 CMakeFiles/lab3.dir/home/ian/src/pico/pico-sdk/lib/tinyusb/src/device/usbd.c.obj
                0x000000001000630c                dcd_event_xfer_complete
 .text.usbd_open_edpt_pair
                0x0000000010006374       0x80 CMakeFiles/lab3.dir/home/ian/src/pico/pico-sdk/lib/tinyusb/src/device/usbd.c.obj
                0x0000000010006374                usbd_open_edpt_pair
 .text.usbd_edpt_open
                0x00000000100063f4       0x30 CMakeFiles/lab3.dir/home/ian/src/pico/pico-sdk/lib/tinyusb/src/device/usbd.c.obj
                0x00000000100063f4                usbd_edpt_open
 .text.usbd_edpt_claim
                0x0000000010006424       0x64 CMakeFiles/lab3.dir/home/ian/src/pico/pico-sdk/lib/tinyusb/src/device/usbd.c.obj
                0x0000000010006424                usbd_edpt_claim
 .text.usbd_edpt_release
                0x0000000010006488       0x4c CMakeFiles/lab3.dir/home/ian/src/pico/pico-sdk/lib/tinyusb/src/device/usbd.c.obj
                0x0000000010006488                usbd_edpt_release
 .text.usbd_edpt_xfer
                0x00000000100064d4       0x48 CMakeFiles/lab3.dir/home/ian/src/pico/pico-sdk/lib/tinyusb/src/device/usbd.c.obj
                0x00000000100064d4                usbd_edpt_xfer
 .text.tud_control_status
                0x000000001000651c       0x30 CMakeFiles/lab3.dir/home/ian/src/pico/pico-sdk/lib/tinyusb/src/device/usbd_control.c.obj
                0x000000001000651c                tud_control_status
 .text.tud_control_xfer
                0x000000001000654c       0xbc CMakeFiles/lab3.dir/home/ian/src/pico/pico-sdk/lib/tinyusb/src/device/usbd_control.c.obj
                0x000000001000654c                tud_control_xfer
 .text.usbd_control_reset
                0x0000000010006608       0x14 CMakeFiles/lab3.dir/home/ian/src/pico/pico-sdk/lib/tinyusb/src/device/usbd_control.c.obj
                0x0000000010006608                usbd_control_reset
 .text.usbd_control_set_complete_callback
                0x000000001000661c        0xc CMakeFiles/lab3.dir/home/ian/src/pico/pico-sdk/lib/tinyusb/src/device/usbd_control.c.obj
                0x000000001000661c                usbd_control_set_complete_callback
 .text.usbd_control_set_request
                0x0000000010006628       0x1c CMakeFiles/lab3.dir/home/ian/src/pico/pico-sdk/lib/tinyusb/src/device/usbd_control.c.obj
                0x0000000010006628                usbd_control_set_request
 .text.usbd_control_xfer_cb
                0x0000000010006644       0xfc CMakeFiles/lab3.dir/home/ian/src/pico/pico-sdk/lib/tinyusb/src/device/usbd_control.c.obj
                0x0000000010006644                usbd_control_xfer_cb
 .text.tud_cdc_n_connected
                0x0000000010006740       0x30 CMakeFiles/lab3.dir/home/ian/src/pico/pico-sdk/lib/tinyusb/src/class/cdc/cdc_device.c.obj
                0x0000000010006740                tud_cdc_n_connected
 .text.tud_cdc_n_available
                0x0000000010006770       0x18 CMakeFiles/lab3.dir/home/ian/src/pico/pico-sdk/lib/tinyusb/src/class/cdc/cdc_device.c.obj
                0x0000000010006770                tud_cdc_n_available
 .text.tud_cdc_n_read
                0x0000000010006788       0x70 CMakeFiles/lab3.dir/home/ian/src/pico/pico-sdk/lib/tinyusb/src/class/cdc/cdc_device.c.obj
                0x0000000010006788                tud_cdc_n_read
 .text.tud_cdc_n_write_flush
                0x00000000100067f8       0x78 CMakeFiles/lab3.dir/home/ian/src/pico/pico-sdk/lib/tinyusb/src/class/cdc/cdc_device.c.obj
                0x00000000100067f8                tud_cdc_n_write_flush
 .text.tud_cdc_n_write
                0x0000000010006870       0x34 CMakeFiles/lab3.dir/home/ian/src/pico/pico-sdk/lib/tinyusb/src/class/cdc/cdc_device.c.obj
                0x0000000010006870                tud_cdc_n_write
 .text.tud_cdc_n_write_available
                0x00000000100068a4       0x18 CMakeFiles/lab3.dir/home/ian/src/pico/pico-sdk/lib/tinyusb/src/class/cdc/cdc_device.c.obj
                0x00000000100068a4                tud_cdc_n_write_available
 .text.cdcd_init
                0x00000000100068bc       0x7c CMakeFiles/lab3.dir/home/ian/src/pico/pico-sdk/lib/tinyusb/src/class/cdc/cdc_device.c.obj
                0x00000000100068bc                cdcd_init
 .text.cdcd_reset
                0x0000000010006938       0x2c CMakeFiles/lab3.dir/home/ian/src/pico/pico-sdk/lib/tinyusb/src/class/cdc/cdc_device.c.obj
                0x0000000010006938                cdcd_reset
 .text.cdcd_open
                0x0000000010006964       0xe4 CMakeFiles/lab3.dir/home/ian/src/pico/pico-sdk/lib/tinyusb/src/class/cdc/cdc_device.c.obj
                0x0000000010006964                cdcd_open
 .text.cdcd_control_xfer_cb
                0x0000000010006a48       0xe4 CMakeFiles/lab3.dir/home/ian/src/pico/pico-sdk/lib/tinyusb/src/class/cdc/cdc_device.c.obj
                0x0000000010006a48                cdcd_control_xfer_cb
 .text.cdcd_xfer_cb
                0x0000000010006b2c      0x148 CMakeFiles/lab3.dir/home/ian/src/pico/pico-sdk/lib/tinyusb/src/class/cdc/cdc_device.c.obj
                0x0000000010006b2c                cdcd_xfer_cb
 .text.tusb_init
                0x0000000010006c74        0xc CMakeFiles/lab3.dir/home/ian/src/pico/pico-sdk/lib/tinyusb/src/tusb.c.obj
                0x0000000010006c74                tusb_init
 .text.tusb_inited
                0x0000000010006c80        0x8 CMakeFiles/lab3.dir/home/ian/src/pico/pico-sdk/lib/tinyusb/src/tusb.c.obj
                0x0000000010006c80                tusb_inited
 .text.tu_edpt_validate
                0x0000000010006c88       0x78 CMakeFiles/lab3.dir/home/ian/src/pico/pico-sdk/lib/tinyusb/src/tusb.c.obj
                0x0000000010006c88                tu_edpt_validate
 .text.tu_edpt_bind_driver
                0x0000000010006d00       0x2c CMakeFiles/lab3.dir/home/ian/src/pico/pico-sdk/lib/tinyusb/src/tusb.c.obj
                0x0000000010006d00                tu_edpt_bind_driver
 .text.tu_fifo_config
                0x0000000010006d2c       0x78 CMakeFiles/lab3.dir/home/ian/src/pico/pico-sdk/lib/tinyusb/src/common/tusb_fifo.c.obj
                0x0000000010006d2c                tu_fifo_config
 .text.tu_fifo_count
                0x0000000010006da4       0x20 CMakeFiles/lab3.dir/home/ian/src/pico/pico-sdk/lib/tinyusb/src/common/tusb_fifo.c.obj
                0x0000000010006da4                tu_fifo_count
 .text.tu_fifo_empty
                0x0000000010006dc4       0x10 CMakeFiles/lab3.dir/home/ian/src/pico/pico-sdk/lib/tinyusb/src/common/tusb_fifo.c.obj
                0x0000000010006dc4                tu_fifo_empty
 .text.tu_fifo_remaining
                0x0000000010006dd4       0x1c CMakeFiles/lab3.dir/home/ian/src/pico/pico-sdk/lib/tinyusb/src/common/tusb_fifo.c.obj
                0x0000000010006dd4                tu_fifo_remaining
 .text.tu_fifo_read
                0x0000000010006df0       0x9c CMakeFiles/lab3.dir/home/ian/src/pico/pico-sdk/lib/tinyusb/src/common/tusb_fifo.c.obj
                0x0000000010006df0                tu_fifo_read
 .text.tu_fifo_read_n
                0x0000000010006e8c      0x100 CMakeFiles/lab3.dir/home/ian/src/pico/pico-sdk/lib/tinyusb/src/common/tusb_fifo.c.obj
                0x0000000010006e8c                tu_fifo_read_n
 .text.tu_fifo_write
                0x0000000010006f8c       0x7c CMakeFiles/lab3.dir/home/ian/src/pico/pico-sdk/lib/tinyusb/src/common/tusb_fifo.c.obj
                0x0000000010006f8c                tu_fifo_write
 .text.tu_fifo_write_n
                0x0000000010007008      0x100 CMakeFiles/lab3.dir/home/ian/src/pico/pico-sdk/lib/tinyusb/src/common/tusb_fifo.c.obj
                0x0000000010007008                tu_fifo_write_n
 .text.tu_fifo_clear
                0x0000000010007108       0x4c CMakeFiles/lab3.dir/home/ian/src/pico/pico-sdk/lib/tinyusb/src/common/tusb_fifo.c.obj
                0x0000000010007108                tu_fifo_clear
 .text.tu_fifo_set_overwritable
                0x0000000010007154       0x3c CMakeFiles/lab3.dir/home/ian/src/pico/pico-sdk/lib/tinyusb/src/common/tusb_fifo.c.obj
                0x0000000010007154                tu_fifo_set_overwritable
 .text.startup._retrieve_unique_id_on_boot
                0x0000000010007190       0x10 CMakeFiles/lab3.dir/home/ian/src/pico/pico-sdk/src/rp2_common/pico_unique_id/unique_id.c.obj
 .text.pico_get_unique_board_id_string
                0x00000000100071a0      0x1a8 CMakeFiles/lab3.dir/home/ian/src/pico/pico-sdk/src/rp2_common/pico_unique_id/unique_id.c.obj
                0x00000000100071a0                pico_get_unique_board_id_string
 .text.flash_get_unique_id
                0x0000000010007348       0x40 CMakeFiles/lab3.dir/home/ian/src/pico/pico-sdk/src/rp2_common/hardware_flash/flash.c.obj
                0x0000000010007348                flash_get_unique_id
 .text          0x0000000010007388     0x11fc libfreertos.a(queue.c.obj)
                0x0000000010007388                xQueueGenericReset
                0x0000000010007428                xQueueGenericCreate
                0x00000000100074c0                xQueueGenericSend
                0x00000000100077d8                xQueueGenericSendFromISR
                0x00000000100078f0                xQueueGiveFromISR
                0x000000001000795c                xQueueReceive
                0x0000000010007bfc                xQueueSemaphoreTake
                0x0000000010007e80                xQueuePeek
                0x000000001000811c                xQueueReceiveFromISR
                0x00000000100081ac                xQueuePeekFromISR
                0x00000000100081ec                uxQueueMessagesWaiting
                0x0000000010008200                uxQueueSpacesAvailable
                0x0000000010008218                uxQueueMessagesWaitingFromISR
                0x000000001000821c                vQueueDelete
                0x000000001000829c                xQueueIsQueueEmptyFromISR
                0x00000000100082a4                xQueueIsQueueFullFromISR
                0x00000000100082b0                vQueueAddToRegistry
                0x00000000100083c8                pcQueueGetName
                0x000000001000843c                vQueueUnregisterQueue
                0x00000000100084b4                vQueueWaitForMessageRestricted
 .text          0x0000000010008584     0x1530 libfreertos.a(tasks.c.obj)
                0x0000000010008760                xTaskCreate
                0x000000001000898c                vTaskDelete
                0x0000000010008a24                uxTaskPriorityGet
                0x0000000010008a44                uxTaskPriorityGetFromISR
                0x0000000010008a64                vTaskPrioritySet
                0x0000000010008b20                vTaskSuspend
                0x0000000010008c60                vTaskResume
                0x0000000010008ce4                xTaskResumeFromISR
                0x0000000010008d84                vTaskStartScheduler
                0x0000000010008ef0                vTaskEndScheduler
                0x0000000010008f04                vTaskSuspendAll
                0x0000000010008f14                xTaskResumeAll
                0x0000000010009048                xTaskDelayUntil
                0x00000000100090c4                vTaskDelay
                0x0000000010009118                xTaskGetTickCount
                0x0000000010009124                xTaskGetTickCountFromISR
                0x0000000010009130                uxTaskGetNumberOfTasks
                0x000000001000913c                pcTaskGetName
                0x0000000010009150                xTaskCatchUpTicks
                0x000000001000917c                xTaskIncrementTick
                0x00000000100091a0                vTaskSwitchContext
                0x0000000010009244                vTaskPlaceOnEventList
                0x00000000100092b8                vTaskPlaceOnUnorderedEventList
                0x0000000010009354                vTaskPlaceOnEventListRestricted
                0x00000000100093f0                xTaskRemoveFromEventList
                0x00000000100094b8                vTaskRemoveFromUnorderedEventList
                0x000000001000954c                vTaskSetTimeOutState
                0x0000000010009568                vTaskInternalSetTimeOutState
                0x0000000010009578                xTaskCheckForTimeOut
                0x00000000100095c8                vTaskMissedYield
                0x00000000100095d4                vTaskSetThreadLocalStoragePointer
                0x00000000100095f0                pvTaskGetThreadLocalStoragePointer
                0x0000000010009610                xTaskGetCurrentTaskHandle
                0x000000001000961c                xTaskGetSchedulerState
                0x0000000010009634                uxTaskResetEventItemValue
                0x000000001000964c                ulTaskGenericNotifyTake
                0x00000000100096c8                xTaskGenericNotifyWait
                0x0000000010009764                xTaskGenericNotify
                0x000000001000984c                xTaskGenericNotifyFromISR
                0x0000000010009974                vTaskGenericNotifyGiveFromISR
                0x0000000010009a54                xTaskGenericNotifyStateClear
                0x0000000010009a84                ulTaskGenericNotifyValueClear
 .text          0x0000000010009ab4      0x534 libfreertos.a(timers.c.obj)
                0x0000000010009dcc                xTimerCreateTimerTask
                0x0000000010009e40                xTimerCreate
                0x0000000010009ee8                xTimerGenericCommand
                0x0000000010009f3c                xTimerGetTimerDaemonTaskHandle
                0x0000000010009f48                xTimerGetPeriod
                0x0000000010009f4c                vTimerSetReloadMode
                0x0000000010009f70                xTimerGetReloadMode
                0x0000000010009f88                uxTimerGetReloadMode
                0x0000000010009fa0                xTimerGetExpiryTime
                0x0000000010009fa4                pcTimerGetName
                0x0000000010009fa8                xTimerIsTimerActive
                0x0000000010009fc0                pvTimerGetTimerID
                0x0000000010009fd4                vTimerSetTimerID
 .text          0x0000000010009fe8       0x30 libfreertos.a(heap_3.c.obj)
                0x0000000010009fe8                pvPortMalloc
                0x000000001000a000                vPortFree
 *fill*         0x000000001000a018        0x8 
 .text          0x000000001000a020      0x194 libfreertos.a(port.c.obj)
                0x000000001000a064                pxPortInitialiseStack
                0x000000001000a084                isr_svcall
                0x000000001000a088                vPortEndScheduler
                0x000000001000a08c                vPortYield
                0x000000001000a0a4                vPortEnterCritical
                0x000000001000a0bc                vPortExitCritical
                0x000000001000a0d0                ulSetInterruptMaskFromISR
                0x000000001000a0d8                vClearInterruptMaskFromISR
                0x000000001000a0e0                isr_pendsv
                0x000000001000a124                isr_systick
                0x000000001000a148                vPortSetupTimerInterrupt
                0x000000001000a170                xPortStartScheduler
 .text          0x000000001000a1b4       0x8c libfreertos.a(list.c.obj)
                0x000000001000a1b4                vListInitialise
                0x000000001000a1cc                vListInitialiseItem
                0x000000001000a1d4                vListInsertEnd
                0x000000001000a1ec                vListInsert
                0x000000001000a21c                uxListRemove
 .text          0x000000001000a240       0x18 /usr/lib/gcc/arm-none-eabi/10.3.1/../../../arm-none-eabi/lib/thumb/v6-m/nofp/libc.a(lib_a-calloc.o)
                0x000000001000a240                calloc
 .text          0x000000001000a258       0x5c /usr/lib/gcc/arm-none-eabi/10.3.1/../../../arm-none-eabi/lib/thumb/v6-m/nofp/libc.a(lib_a-callocr.o)
                0x000000001000a258                _calloc_r
 .text          0x000000001000a2b4       0x28 /usr/lib/gcc/arm-none-eabi/10.3.1/../../../arm-none-eabi/lib/thumb/v6-m/nofp/libc.a(lib_a-malloc.o)
                0x000000001000a2b4                malloc
                0x000000001000a2c8                free
 .text          0x000000001000a2dc      0x574 /usr/lib/gcc/arm-none-eabi/10.3.1/../../../arm-none-eabi/lib/thumb/v6-m/nofp/libc.a(lib_a-mallocr.o)
                0x000000001000a2dc                _malloc_r
 .text          0x000000001000a850        0x8 /usr/lib/gcc/arm-none-eabi/10.3.1/../../../arm-none-eabi/lib/thumb/v6-m/nofp/libc.a(lib_a-mlock.o)
                0x000000001000a850                __malloc_lock
                0x000000001000a854                __malloc_unlock
 .text          0x000000001000a858       0x48 /usr/lib/gcc/arm-none-eabi/10.3.1/../../../arm-none-eabi/lib/thumb/v6-m/nofp/libc.a(lib_a-rand.o)
                0x000000001000a858                srand
                0x000000001000a86c                rand
 .text          0x000000001000a8a0       0x24 /usr/lib/gcc/arm-none-eabi/10.3.1/../../../arm-none-eabi/lib/thumb/v6-m/nofp/libc.a(lib_a-sbrkr.o)
                0x000000001000a8a0                _sbrk_r
 .text          0x000000001000a8c4       0x5c /usr/lib/gcc/arm-none-eabi/10.3.1/../../../arm-none-eabi/lib/thumb/v6-m/nofp/libc.a(lib_a-strlen-stub.o)
                0x000000001000a8c4                strlen
 .text          0x000000001000a920      0x260 /usr/lib/gcc/arm-none-eabi/10.3.1/../../../arm-none-eabi/lib/thumb/v6-m/nofp/libc.a(lib_a-freer.o)
                0x000000001000a920                _malloc_trim_r
                0x000000001000a9bc                _free_r
 *(.fini)
 .fini          0x000000001000ab80        0x4 /usr/lib/gcc/arm-none-eabi/10.3.1/thumb/v6-m/nofp/crti.o
                0x000000001000ab80                _fini
 *fill*         0x000000001000ab84        0x4 
 .fini.__stub   0x000000001000ab88       0x70 linker stubs
 *crtbegin.o(.ctors)
 *crtbegin?.o(.ctors)
 *(EXCLUDE_FILE(*crtend.o *crtend?.o) .ctors)
 *(SORT_BY_NAME(.ctors.*))
 *(.ctors)
 *crtbegin.o(.dtors)
 *crtbegin?.o(.dtors)
 *(EXCLUDE_FILE(*crtend.o *crtend?.o) .dtors)
 *(SORT_BY_NAME(.dtors.*))
 *(.dtors)
 *(.eh_frame*)
 .eh_frame      0x000000001000abf8        0x0 /usr/lib/gcc/arm-none-eabi/10.3.1/thumb/v6-m/nofp/crtbegin.o
                0x000000001000abf8                . = ALIGN (0x4)

.glue_7         0x000000001000abf8        0x0
 .glue_7        0x000000001000abf8        0x0 linker stubs

.glue_7t        0x000000001000abf8        0x0
 .glue_7t       0x000000001000abf8        0x0 linker stubs

.vfp11_veneer   0x000000001000abf8        0x0
 .vfp11_veneer  0x000000001000abf8        0x0 linker stubs

.v4_bx          0x000000001000abf8        0x0
 .v4_bx         0x000000001000abf8        0x0 linker stubs

.iplt           0x000000001000abf8        0x0
 .iplt          0x000000001000abf8        0x0 /usr/lib/gcc/arm-none-eabi/10.3.1/thumb/v6-m/nofp/crtbegin.o

.rodata         0x000000001000abf8      0x664
 *(EXCLUDE_FILE(*libm.a: *libc.a:*lib_a-mem*.o *libgcc.a:) .rodata*)
 .rodata.heartbeat.str1.4
                0x000000001000abf8       0x2c CMakeFiles/lab3.dir/lab3.c.obj
 .rodata.producer.str1.4
                0x000000001000ac24       0x46 CMakeFiles/lab3.dir/lab3.c.obj
 *fill*         0x000000001000ac6a        0x2 
 .rodata.consumer.str1.4
                0x000000001000ac6c       0x27 CMakeFiles/lab3.dir/lab3.c.obj
 *fill*         0x000000001000ac93        0x1 
 .rodata.main.str1.4
                0x000000001000ac94       0x49 CMakeFiles/lab3.dir/lab3.c.obj
 *fill*         0x000000001000acdd        0x3 
 .rodata._assert_failed.str1.4
                0x000000001000ace0       0x20 CMakeFiles/lab3.dir/myAssert.c.obj
 .rodata.spin_lock_claim_unused.str1.4
                0x000000001000ad00       0x1b CMakeFiles/lab3.dir/home/ian/src/pico/pico-sdk/src/rp2_common/hardware_sync/sync.c.obj
 *fill*         0x000000001000ad1b        0x1 
 .rodata.user_irq_claim_unused.str1.4
                0x000000001000ad1c       0x1b CMakeFiles/lab3.dir/home/ian/src/pico/pico-sdk/src/rp2_common/hardware_irq/irq.c.obj
 *fill*         0x000000001000ad37        0x1 
 .rodata.hardware_alarm_claim.str1.4
                0x000000001000ad38       0x22 CMakeFiles/lab3.dir/home/ian/src/pico/pico-sdk/src/rp2_common/hardware_timer/timer.c.obj
 *fill*         0x000000001000ad5a        0x2 
 .rodata.panic.str1.4
                0x000000001000ad5c       0x10 CMakeFiles/lab3.dir/home/ian/src/pico/pico-sdk/src/rp2_common/pico_runtime/runtime.c.obj
                                         0x12 (size before relaxing)
 .rodata.hard_assertion_failure.str1.4
                0x000000001000ad6c        0xc CMakeFiles/lab3.dir/home/ian/src/pico/pico-sdk/src/rp2_common/pico_runtime/runtime.c.obj
 .rodata._ftoa.str1.4
                0x000000001000ad78       0x15 CMakeFiles/lab3.dir/home/ian/src/pico/pico-sdk/src/rp2_common/pico_printf/printf.c.obj
 *fill*         0x000000001000ad8d        0x3 
 .rodata._vsnprintf
                0x000000001000ad90      0x1e0 CMakeFiles/lab3.dir/home/ian/src/pico/pico-sdk/src/rp2_common/pico_printf/printf.c.obj
 .rodata.pow10.0
                0x000000001000af70       0x50 CMakeFiles/lab3.dir/home/ian/src/pico/pico-sdk/src/rp2_common/pico_printf/printf.c.obj
 .rodata.__wrap_malloc.str1.4
                0x000000001000afc0        0xe CMakeFiles/lab3.dir/home/ian/src/pico/pico-sdk/src/rp2_common/pico_malloc/pico_malloc.c.obj
 *fill*         0x000000001000afce        0x2 
 .rodata.str1.4
                0x000000001000afd0       0x3c CMakeFiles/lab3.dir/home/ian/src/pico/pico-sdk/src/rp2_common/pico_standard_link/binary_info.c.obj
 .rodata.__bi_44
                0x000000001000b00c        0xc CMakeFiles/lab3.dir/home/ian/src/pico/pico-sdk/src/rp2_common/pico_standard_link/binary_info.c.obj
 .rodata.__bi_75
                0x000000001000b018        0xc CMakeFiles/lab3.dir/home/ian/src/pico/pico-sdk/src/rp2_common/pico_standard_link/binary_info.c.obj
 .rodata.__bi_81
                0x000000001000b024        0xc CMakeFiles/lab3.dir/home/ian/src/pico/pico-sdk/src/rp2_common/pico_standard_link/binary_info.c.obj
 .rodata.crlf_str.0
                0x000000001000b030        0x2 CMakeFiles/lab3.dir/home/ian/src/pico/pico-sdk/src/rp2_common/pico_stdio/stdio.c.obj
 *fill*         0x000000001000b032        0x2 
 .rodata._resetd_driver
                0x000000001000b034       0x18 CMakeFiles/lab3.dir/home/ian/src/pico/pico-sdk/src/rp2_common/pico_stdio_usb/reset_interface.c.obj
 .rodata.str1.4
                0x000000001000b04c       0x13 CMakeFiles/lab3.dir/home/ian/src/pico/pico-sdk/src/rp2_common/pico_stdio_usb/stdio_usb.c.obj
 *fill*         0x000000001000b05f        0x1 
 .rodata.__bi_118.0
                0x000000001000b060        0xc CMakeFiles/lab3.dir/home/ian/src/pico/pico-sdk/src/rp2_common/pico_stdio_usb/stdio_usb.c.obj
 .rodata.str1.4
                0x000000001000b06c       0x2a CMakeFiles/lab3.dir/home/ian/src/pico/pico-sdk/src/rp2_common/pico_stdio_usb/stdio_usb_descriptors.c.obj
 *fill*         0x000000001000b096        0x2 
 .rodata.usbd_desc_cfg
                0x000000001000b098       0x54 CMakeFiles/lab3.dir/home/ian/src/pico/pico-sdk/src/rp2_common/pico_stdio_usb/stdio_usb_descriptors.c.obj
 .rodata.usbd_desc_device
                0x000000001000b0ec       0x12 CMakeFiles/lab3.dir/home/ian/src/pico/pico-sdk/src/rp2_common/pico_stdio_usb/stdio_usb_descriptors.c.obj
 *fill*         0x000000001000b0fe        0x2 
 .rodata.usbd_desc_str
                0x000000001000b100       0x18 CMakeFiles/lab3.dir/home/ian/src/pico/pico-sdk/src/rp2_common/pico_stdio_usb/stdio_usb_descriptors.c.obj
 .rodata.dcd_rp2040_irq.str1.4
                0x000000001000b118       0x14 CMakeFiles/lab3.dir/home/ian/src/pico/pico-sdk/lib/tinyusb/src/portable/raspberrypi/rp2040/dcd_rp2040.c.obj
 .rodata._hw_endpoint_buffer_control_update32.part.0.isra.0.str1.4
                0x000000001000b12c       0x1f CMakeFiles/lab3.dir/home/ian/src/pico/pico-sdk/lib/tinyusb/src/portable/raspberrypi/rp2040/rp2040_usb.c.obj
 *fill*         0x000000001000b14b        0x1 
 .rodata.hw_endpoint_xfer_continue.str1.4
                0x000000001000b14c       0x29 CMakeFiles/lab3.dir/home/ian/src/pico/pico-sdk/lib/tinyusb/src/portable/raspberrypi/rp2040/rp2040_usb.c.obj
 *fill*         0x000000001000b175        0x3 
 .rodata.str1.4
                0x000000001000b178        0x7 CMakeFiles/lab3.dir/home/ian/src/pico/pico-sdk/lib/tinyusb/src/portable/raspberrypi/rp2040/rp2040_usb.c.obj
 *fill*         0x000000001000b17f        0x1 
 .rodata.tud_task
                0x000000001000b180       0x8c CMakeFiles/lab3.dir/home/ian/src/pico/pico-sdk/lib/tinyusb/src/device/usbd.c.obj
 .rodata._usbd_driver
                0x000000001000b20c       0x18 CMakeFiles/lab3.dir/home/ian/src/pico/pico-sdk/lib/tinyusb/src/device/usbd.c.obj
 .rodata        0x000000001000b224       0x28 libfreertos.a(timers.c.obj)
 .rodata.str1.4
                0x000000001000b24c       0x10 libfreertos.a(timers.c.obj)
                0x000000001000b25c                . = ALIGN (0x4)
 *(SORT_BY_ALIGNMENT(SORT_BY_NAME(.flashdata*)))
                0x000000001000b25c                . = ALIGN (0x4)

.rel.dyn        0x000000001000b25c        0x0
 .rel.iplt      0x000000001000b25c        0x0 /usr/lib/gcc/arm-none-eabi/10.3.1/thumb/v6-m/nofp/crtbegin.o

.ARM.extab
 *(.ARM.extab* .gnu.linkonce.armextab.*)
                0x000000001000b25c                __exidx_start = .

.ARM.exidx
 *(.ARM.exidx* .gnu.linkonce.armexidx.*)
                0x000000001000b25c                __exidx_end = .
                0x000000001000b25c                . = ALIGN (0x4)
                0x000000001000b25c                __binary_info_start = .

.binary_info    0x000000001000b25c       0x20
 *(.binary_info.keep.*)
 .binary_info.keep.__bi_ptr22
                0x000000001000b25c        0x4 CMakeFiles/lab3.dir/home/ian/src/pico/pico-sdk/src/rp2_common/pico_standard_link/binary_info.c.obj
 .binary_info.keep.__bi_ptr30
                0x000000001000b260        0x4 CMakeFiles/lab3.dir/home/ian/src/pico/pico-sdk/src/rp2_common/pico_standard_link/binary_info.c.obj
 .binary_info.keep.__bi_ptr38
                0x000000001000b264        0x4 CMakeFiles/lab3.dir/home/ian/src/pico/pico-sdk/src/rp2_common/pico_standard_link/binary_info.c.obj
 .binary_info.keep.__bi_ptr44
                0x000000001000b268        0x4 CMakeFiles/lab3.dir/home/ian/src/pico/pico-sdk/src/rp2_common/pico_standard_link/binary_info.c.obj
 .binary_info.keep.__bi_ptr50
                0x000000001000b26c        0x4 CMakeFiles/lab3.dir/home/ian/src/pico/pico-sdk/src/rp2_common/pico_standard_link/binary_info.c.obj
 .binary_info.keep.__bi_ptr75
                0x000000001000b270        0x4 CMakeFiles/lab3.dir/home/ian/src/pico/pico-sdk/src/rp2_common/pico_standard_link/binary_info.c.obj
 .binary_info.keep.__bi_ptr81
                0x000000001000b274        0x4 CMakeFiles/lab3.dir/home/ian/src/pico/pico-sdk/src/rp2_common/pico_standard_link/binary_info.c.obj
 *(.binary_info.*)
 .binary_info.__bi_ptr118
                0x000000001000b278        0x4 CMakeFiles/lab3.dir/home/ian/src/pico/pico-sdk/src/rp2_common/pico_stdio_usb/stdio_usb.c.obj
                0x000000001000b27c                __binary_info_end = .
                0x000000001000b27c                . = ALIGN (0x4)
                0x000000001000b27c                __etext = .

.ram_vector_table
                0x0000000020000000       0xc0
 *(.ram_vector_table)
 .ram_vector_table
                0x0000000020000000       0xc0 CMakeFiles/lab3.dir/home/ian/src/pico/pico-sdk/src/rp2_common/pico_runtime/runtime.c.obj
                0x0000000020000000                ram_vector_table

.data           0x00000000200000c0      0xc08 load address 0x000000001000b27c
                0x00000000200000c0                __data_start__ = .
 *(vtable)
 *(.time_critical*)
 .time_critical.mutex_enter_blocking
                0x00000000200000c0       0x48 CMakeFiles/lab3.dir/home/ian/src/pico/pico-sdk/src/common/pico_sync/mutex.c.obj
                0x00000000200000c0                mutex_enter_blocking
 .time_critical.mutex_try_enter
                0x0000000020000108       0x44 CMakeFiles/lab3.dir/home/ian/src/pico/pico-sdk/src/common/pico_sync/mutex.c.obj
                0x0000000020000108                mutex_try_enter
 .time_critical.mutex_enter_timeout_ms
                0x000000002000014c       0xa0 CMakeFiles/lab3.dir/home/ian/src/pico/pico-sdk/src/common/pico_sync/mutex.c.obj
                0x000000002000014c                mutex_enter_timeout_ms
 .time_critical.mutex_exit
                0x00000000200001ec       0x28 CMakeFiles/lab3.dir/home/ian/src/pico/pico-sdk/src/common/pico_sync/mutex.c.obj
                0x00000000200001ec                mutex_exit
 .time_critical.flash_init_boot2_copyout
                0x0000000020000214       0x30 CMakeFiles/lab3.dir/home/ian/src/pico/pico-sdk/src/rp2_common/hardware_flash/flash.c.obj
 .time_critical.flash_enable_xip_via_boot2
                0x0000000020000244       0x10 CMakeFiles/lab3.dir/home/ian/src/pico/pico-sdk/src/rp2_common/hardware_flash/flash.c.obj
 .time_critical.flash_cs_force
                0x0000000020000254       0x38 CMakeFiles/lab3.dir/home/ian/src/pico/pico-sdk/src/rp2_common/hardware_flash/flash.c.obj
 .time_critical.flash_do_cmd
                0x000000002000028c       0xc4 CMakeFiles/lab3.dir/home/ian/src/pico/pico-sdk/src/rp2_common/hardware_flash/flash.c.obj
                0x000000002000028c                flash_do_cmd
 *(.text*)
 .text          0x0000000020000350        0x4 /usr/lib/gcc/arm-none-eabi/10.3.1/thumb/v6-m/nofp/libgcc.a(_dvmd_tls.o)
                0x0000000020000350                __aeabi_ldiv0
                0x0000000020000350                __aeabi_idiv0
 *fill*         0x0000000020000354        0x4 
 .text.__stub   0x0000000020000358       0x30 linker stubs
                0x0000000020000388                . = ALIGN (0x4)
 *(.rodata*)
                0x0000000020000388                . = ALIGN (0x4)
 *(.data*)
 .data.heartbeatDelay
                0x0000000020000388        0x4 CMakeFiles/lab3.dir/lab3.c.obj
                0x0000000020000388                heartbeatDelay
 .data.striped_spin_lock_num
                0x000000002000038c        0x1 CMakeFiles/lab3.dir/home/ian/src/pico/pico-sdk/src/rp2_common/hardware_sync/sync.c.obj
 *fill*         0x000000002000038d        0x3 
 .data          0x0000000020000390       0x48 CMakeFiles/lab3.dir/home/ian/src/pico/pico-sdk/src/rp2_common/hardware_irq/irq_handler_chain.S.obj
                0x0000000020000390                irq_handler_chain_slots
                0x00000000200003c0                irq_handler_chain_first_slot
                0x00000000200003ca                irq_handler_chain_remove_tail
 .data.default_alarm_pool
                0x00000000200003d8       0x18 CMakeFiles/lab3.dir/home/ian/src/pico/pico-sdk/src/common/pico_time/time.c.obj
 .data.default_alarm_pool_heap
                0x00000000200003f0       0x10 CMakeFiles/lab3.dir/home/ian/src/pico/pico-sdk/src/common/pico_time/time.c.obj
 *fill*         0x0000000020000400        0x0 
 .data.aeabi_bits_funcs
                0x0000000020000400       0x10 CMakeFiles/lab3.dir/home/ian/src/pico/pico-sdk/src/rp2_common/pico_bit_ops/bit_ops_aeabi.S.obj
                0x0000000020000400                aeabi_bits_funcs
                0x0000000020000410                aeabi_bits_funcs_end
 .data.aeabi_mem_funcs
                0x0000000020000410       0x10 CMakeFiles/lab3.dir/home/ian/src/pico/pico-sdk/src/rp2_common/pico_mem_ops/mem_ops_aeabi.S.obj
                0x0000000020000410                aeabi_mem_funcs
                0x0000000020000420                aeabi_mem_funcs_end
 .data.stdio_usb
                0x0000000020000420       0x14 CMakeFiles/lab3.dir/home/ian/src/pico/pico-sdk/src/rp2_common/pico_stdio_usb/stdio_usb.c.obj
                0x0000000020000420                stdio_usb
 .data.ep_dir_string
                0x0000000020000434        0x8 CMakeFiles/lab3.dir/home/ian/src/pico/pico-sdk/lib/tinyusb/src/portable/raspberrypi/rp2040/rp2040_usb.c.obj
                0x0000000020000434                ep_dir_string
 .data._usbd_qdef
                0x000000002000043c       0x24 CMakeFiles/lab3.dir/home/ian/src/pico/pico-sdk/lib/tinyusb/src/device/usbd.c.obj
                0x000000002000043c                _usbd_qdef
 .data          0x0000000020000460        0x4 libfreertos.a(tasks.c.obj)
                0x0000000020000460                uxTopUsedPriority
 .data          0x0000000020000464        0x4 libfreertos.a(port.c.obj)
 .data          0x0000000020000468      0x430 /usr/lib/gcc/arm-none-eabi/10.3.1/../../../arm-none-eabi/lib/thumb/v6-m/nofp/libc.a(lib_a-impure.o)
                0x0000000020000468                _impure_ptr
 .data          0x0000000020000898      0x410 /usr/lib/gcc/arm-none-eabi/10.3.1/../../../arm-none-eabi/lib/thumb/v6-m/nofp/libc.a(lib_a-mallocr.o)
                0x0000000020000898                __malloc_sbrk_base
                0x000000002000089c                __malloc_trim_threshold
                0x00000000200008a0                __malloc_av_
                0x0000000020000ca8                . = ALIGN (0x4)
 *(.after_data.*)
                0x0000000020000ca8                . = ALIGN (0x4)
                0x0000000020000ca8                PROVIDE (__mutex_array_start = .)
 *(SORT_BY_NAME(.mutex_array.*))
 *(.mutex_array)
 .mutex_array   0x0000000020000ca8        0x8 CMakeFiles/lab3.dir/home/ian/src/pico/pico-sdk/src/rp2_common/pico_stdio/stdio.c.obj
                0x0000000020000cb0                PROVIDE (__mutex_array_end = .)
                0x0000000020000cb0                . = ALIGN (0x4)
                0x0000000020000cb0                PROVIDE (__preinit_array_start = .)
 *(SORT_BY_NAME(.preinit_array.*))
 .preinit_array.00001
                0x0000000020000cb0        0x4 CMakeFiles/lab3.dir/home/ian/src/pico/pico-sdk/src/rp2_common/pico_mem_ops/mem_ops_aeabi.S.obj
 .preinit_array.00010
                0x0000000020000cb4        0x4 CMakeFiles/lab3.dir/home/ian/src/pico/pico-sdk/src/rp2_common/pico_bit_ops/bit_ops_aeabi.S.obj
 .preinit_array.00020
                0x0000000020000cb8        0x4 CMakeFiles/lab3.dir/home/ian/src/pico/pico-sdk/src/rp2_common/pico_double/double_aeabi.S.obj
 .preinit_array.00020
                0x0000000020000cbc        0x4 CMakeFiles/lab3.dir/home/ian/src/pico/pico-sdk/src/rp2_common/pico_float/float_aeabi.S.obj
 *(.preinit_array)
                0x0000000020000cc0                PROVIDE (__preinit_array_end = .)
                0x0000000020000cc0                . = ALIGN (0x4)
                0x0000000020000cc0                PROVIDE (__init_array_start = .)
 *(SORT_BY_NAME(.init_array.*))
 *(.init_array)
 .init_array    0x0000000020000cc0        0x4 /usr/lib/gcc/arm-none-eabi/10.3.1/thumb/v6-m/nofp/crtbegin.o
 .init_array    0x0000000020000cc4        0x4 CMakeFiles/lab3.dir/home/ian/src/pico/pico-sdk/src/rp2_common/pico_unique_id/unique_id.c.obj
                0x0000000020000cc8                PROVIDE (__init_array_end = .)
                0x0000000020000cc8                . = ALIGN (0x4)
                0x0000000020000cc8                PROVIDE (__fini_array_start = .)
 *(SORT_BY_NAME(.fini_array.*))
 *(.fini_array)
                0x0000000020000cc8                PROVIDE (__fini_array_end = .)
 *(.jcr)
                0x0000000020000cc8                . = ALIGN (0x4)
                0x0000000020000cc8                __data_end__ = .

.tm_clone_table
                0x0000000020000cc8        0x0 load address 0x000000001000be84
 .tm_clone_table
                0x0000000020000cc8        0x0 /usr/lib/gcc/arm-none-eabi/10.3.1/thumb/v6-m/nofp/crtbegin.o
 .tm_clone_table
                0x0000000020000cc8        0x0 /usr/lib/gcc/arm-none-eabi/10.3.1/thumb/v6-m/nofp/crtend.o

.igot.plt       0x0000000020000cc8        0x0 load address 0x000000001000be84
 .igot.plt      0x0000000020000cc8        0x0 /usr/lib/gcc/arm-none-eabi/10.3.1/thumb/v6-m/nofp/crtbegin.o

.uninitialized_data
                0x0000000020000cc8        0x0 load address 0x000000001000be84
                0x0000000020000cc8                . = ALIGN (0x4)
 *(.uninitialized_data*)

.scratch_x      0x0000000020040000        0x0 load address 0x000000001000be84
                0x0000000020040000                __scratch_x_start__ = .
 *(.scratch_x.*)
                0x0000000020040000                . = ALIGN (0x4)
                0x0000000020040000                __scratch_x_end__ = .
                0x000000001000be84                __scratch_x_source__ = LOADADDR (.scratch_x)

.scratch_y      0x0000000020041000        0x0 load address 0x000000001000be84
                0x0000000020041000                __scratch_y_start__ = .
 *(.scratch_y.*)
                0x0000000020041000                . = ALIGN (0x4)
                0x0000000020041000                __scratch_y_end__ = .
                0x000000001000be84                __scratch_y_source__ = LOADADDR (.scratch_y)

.bss            0x0000000020000cc8      0xf54
                0x0000000020000cc8                . = ALIGN (0x4)
                0x0000000020000cc8                __bss_start__ = .
 *(SORT_BY_ALIGNMENT(SORT_BY_NAME(.bss*)))
 .bss           0x0000000020000cc8       0x50 libfreertos.a(queue.c.obj)
                0x0000000020000cc8                xQueueRegistry
 .bss.default_alarm_pool_entries
                0x0000000020000d18      0x100 CMakeFiles/lab3.dir/home/ian/src/pico/pico-sdk/src/common/pico_time/time.c.obj
 .bss.last_avail_time.1
                0x0000000020000e18        0x8 CMakeFiles/lab3.dir/home/ian/src/pico/pico-sdk/src/rp2_common/pico_stdio_usb/stdio_usb.c.obj
 .bss.sd_table  0x0000000020000e20      0x100 CMakeFiles/lab3.dir/home/ian/src/pico/pico-sdk/src/rp2_common/pico_double/double_init_rom.c.obj
                0x0000000020000e20                sd_table
 .bss.sf_table  0x0000000020000f20      0x100 CMakeFiles/lab3.dir/home/ian/src/pico/pico-sdk/src/rp2_common/pico_float/float_init_rom.c.obj
                0x0000000020000f20                sf_table
 .bss           0x0000000020001020       0x1c /usr/lib/gcc/arm-none-eabi/10.3.1/thumb/v6-m/nofp/crtbegin.o
 .bss           0x000000002000103c      0x104 libfreertos.a(tasks.c.obj)
                0x00000000200010c0                pxCurrentTCB
 .bss           0x0000000020001140       0x3c libfreertos.a(timers.c.obj)
 .bss           0x000000002000117c       0x34 /usr/lib/gcc/arm-none-eabi/10.3.1/../../../arm-none-eabi/lib/thumb/v6-m/nofp/libc.a(lib_a-mallocr.o)
                0x000000002000117c                __malloc_top_pad
                0x0000000020001180                __malloc_current_mallinfo
                0x00000000200011a8                __malloc_max_sbrked_mem
                0x00000000200011ac                __malloc_max_total_mem
 .bss           0x00000000200011b0        0x4 /usr/lib/gcc/arm-none-eabi/10.3.1/../../../arm-none-eabi/lib/thumb/v6-m/nofp/libc.a(lib_a-reent.o)
                0x00000000200011b0                errno
 .bss._app_driver
                0x00000000200011b4        0x4 CMakeFiles/lab3.dir/home/ian/src/pico/pico-sdk/lib/tinyusb/src/device/usbd.c.obj
 .bss._cdcd_itf
                0x00000000200011b8      0x2d8 CMakeFiles/lab3.dir/home/ian/src/pico/pico-sdk/lib/tinyusb/src/class/cdc/cdc_device.c.obj
 .bss._ctrl_xfer
                0x0000000020001490       0x14 CMakeFiles/lab3.dir/home/ian/src/pico/pico-sdk/lib/tinyusb/src/device/usbd_control.c.obj
 .bss._ubsd_mutexdef
                0x00000000200014a4        0x8 CMakeFiles/lab3.dir/home/ian/src/pico/pico-sdk/lib/tinyusb/src/device/usbd.c.obj
 .bss._usbd_ctrl_buf
                0x00000000200014ac       0x40 CMakeFiles/lab3.dir/home/ian/src/pico/pico-sdk/lib/tinyusb/src/device/usbd_control.c.obj
 .bss._usbd_dev
                0x00000000200014ec       0x53 CMakeFiles/lab3.dir/home/ian/src/pico/pico-sdk/lib/tinyusb/src/device/usbd.c.obj
 *fill*         0x000000002000153f        0x1 
 .bss._usbd_mutex
                0x0000000020001540        0x4 CMakeFiles/lab3.dir/home/ian/src/pico/pico-sdk/lib/tinyusb/src/device/usbd.c.obj
 .bss._usbd_q   0x0000000020001544        0x4 CMakeFiles/lab3.dir/home/ian/src/pico/pico-sdk/lib/tinyusb/src/device/usbd.c.obj
 .bss._usbd_qdef_buf
                0x0000000020001548       0xc0 CMakeFiles/lab3.dir/home/ian/src/pico/pico-sdk/lib/tinyusb/src/device/usbd.c.obj
                0x0000000020001548                _usbd_qdef_buf
 .bss.alarm_callbacks
                0x0000000020001608       0x10 CMakeFiles/lab3.dir/home/ian/src/pico/pico-sdk/src/rp2_common/hardware_timer/timer.c.obj
 .bss.boot2_copyout
                0x0000000020001618      0x100 CMakeFiles/lab3.dir/home/ian/src/pico/pico-sdk/src/rp2_common/hardware_flash/flash.c.obj
 .bss.claimed   0x0000000020001718        0x4 CMakeFiles/lab3.dir/home/ian/src/pico/pico-sdk/src/rp2_common/hardware_sync/sync.c.obj
 .bss.configured_freq
                0x000000002000171c       0x28 CMakeFiles/lab3.dir/home/ian/src/pico/pico-sdk/src/rp2_common/hardware_clocks/clocks.c.obj
 .bss.default_alarm_pool_entry_ids_high
                0x0000000020001744       0x10 CMakeFiles/lab3.dir/home/ian/src/pico/pico-sdk/src/common/pico_time/time.c.obj
 .bss.default_alarm_pool_heap_nodes
                0x0000000020001754       0x30 CMakeFiles/lab3.dir/home/ian/src/pico/pico-sdk/src/common/pico_time/time.c.obj
 .bss.desc_str.0
                0x0000000020001784       0x28 CMakeFiles/lab3.dir/home/ian/src/pico/pico-sdk/src/rp2_common/pico_stdio_usb/stdio_usb_descriptors.c.obj
 .bss.drivers   0x00000000200017ac        0x4 CMakeFiles/lab3.dir/home/ian/src/pico/pico-sdk/src/rp2_common/pico_stdio/stdio.c.obj
 .bss.filter    0x00000000200017b0        0x4 CMakeFiles/lab3.dir/home/ian/src/pico/pico-sdk/src/rp2_common/pico_stdio/stdio.c.obj
 .bss.heap_end.0
                0x00000000200017b4        0x4 CMakeFiles/lab3.dir/home/ian/src/pico/pico-sdk/src/rp2_common/pico_runtime/runtime.c.obj
 .bss.hw_endpoints
                0x00000000200017b8      0x400 CMakeFiles/lab3.dir/home/ian/src/pico/pico-sdk/lib/tinyusb/src/portable/raspberrypi/rp2040/dcd_rp2040.c.obj
 .bss.lazy_vsnprintf
                0x0000000020001bb8        0x4 CMakeFiles/lab3.dir/home/ian/src/pico/pico-sdk/src/rp2_common/pico_printf/printf.c.obj
 .bss.load_value
                0x0000000020001bbc        0x4 CMakeFiles/lab3.dir/home/ian/src/pico/pico-sdk/src/rp2_common/hardware_watchdog/watchdog.c.obj
 .bss.next_buffer_ptr
                0x0000000020001bc0        0x4 CMakeFiles/lab3.dir/home/ian/src/pico/pico-sdk/lib/tinyusb/src/portable/raspberrypi/rp2040/dcd_rp2040.c.obj
 .bss.pools     0x0000000020001bc4       0x10 CMakeFiles/lab3.dir/home/ian/src/pico/pico-sdk/src/common/pico_time/time.c.obj
 .bss.retrieved_id
                0x0000000020001bd4        0x8 CMakeFiles/lab3.dir/home/ian/src/pico/pico-sdk/src/rp2_common/pico_unique_id/unique_id.c.obj
 .bss.sf_clz_func
                0x0000000020001bdc        0x4 CMakeFiles/lab3.dir/home/ian/src/pico/pico-sdk/src/rp2_common/pico_double/double_init_rom.c.obj
                0x0000000020001bdc                sf_clz_func
 .bss.sleep_notifier
                0x0000000020001be0        0x4 CMakeFiles/lab3.dir/home/ian/src/pico/pico-sdk/src/common/pico_time/time.c.obj
 .bss.stdio_usb_mutex
                0x0000000020001be4        0x8 CMakeFiles/lab3.dir/home/ian/src/pico/pico-sdk/src/rp2_common/pico_stdio_usb/stdio_usb.c.obj
 .bss.target_hi
                0x0000000020001bec       0x10 CMakeFiles/lab3.dir/home/ian/src/pico/pico-sdk/src/rp2_common/hardware_timer/timer.c.obj
 .bss.usbd_serial_str
                0x0000000020001bfc       0x11 CMakeFiles/lab3.dir/home/ian/src/pico/pico-sdk/src/rp2_common/pico_stdio_usb/stdio_usb_descriptors.c.obj
 *fill*         0x0000000020001c0d        0x3 
 .bss.user_irq_claimed
                0x0000000020001c10        0x2 CMakeFiles/lab3.dir/home/ian/src/pico/pico-sdk/src/rp2_common/hardware_irq/irq.c.obj
 .bss._app_driver_count
                0x0000000020001c12        0x1 CMakeFiles/lab3.dir/home/ian/src/pico/pico-sdk/lib/tinyusb/src/device/usbd.c.obj
 .bss._usbd_initialized
                0x0000000020001c13        0x1 CMakeFiles/lab3.dir/home/ian/src/pico/pico-sdk/lib/tinyusb/src/device/usbd.c.obj
 .bss.boot2_copyout_valid
                0x0000000020001c14        0x1 CMakeFiles/lab3.dir/home/ian/src/pico/pico-sdk/src/rp2_common/hardware_flash/flash.c.obj
 .bss.claimed   0x0000000020001c15        0x1 CMakeFiles/lab3.dir/home/ian/src/pico/pico-sdk/src/rp2_common/hardware_timer/timer.c.obj
 .bss.irq_hander_chain_free_slot_head
                0x0000000020001c16        0x1 CMakeFiles/lab3.dir/home/ian/src/pico/pico-sdk/src/rp2_common/hardware_irq/irq.c.obj
 .bss.itf_num   0x0000000020001c17        0x1 CMakeFiles/lab3.dir/home/ian/src/pico/pico-sdk/src/rp2_common/pico_stdio_usb/reset_interface.c.obj
 .bss.low_priority_irq_num
                0x0000000020001c18        0x1 CMakeFiles/lab3.dir/home/ian/src/pico/pico-sdk/src/rp2_common/pico_stdio_usb/stdio_usb.c.obj
 .bss.timer_callbacks_pending
                0x0000000020001c19        0x1 CMakeFiles/lab3.dir/home/ian/src/pico/pico-sdk/src/rp2_common/hardware_timer/timer.c.obj
 *(COMMON)
                0x0000000020001c1c                . = ALIGN (0x4)
 *fill*         0x0000000020001c1a        0x2 
                0x0000000020001c1c                __bss_end__ = .

.heap           0x0000000020001c1c      0x800
                0x0000000020001c1c                __end__ = .
                0x0000000020001c1c                end = __end__
 *(.heap*)
 .heap          0x0000000020001c1c      0x800 CMakeFiles/lab3.dir/home/ian/src/pico/pico-sdk/src/rp2_common/pico_standard_link/crt0.S.obj
                0x000000002000241c                __HeapLimit = .

.stack1_dummy   0x0000000020040000        0x0
 *(.stack1*)

.stack_dummy    0x0000000020041000      0x800
 *(.stack*)
 .stack         0x0000000020041000      0x800 CMakeFiles/lab3.dir/home/ian/src/pico/pico-sdk/src/rp2_common/pico_standard_link/crt0.S.obj

.flash_end      0x000000001000be84        0x0
                0x000000001000be84                __flash_binary_end = .
                0x0000000020040000                __StackLimit = (ORIGIN (RAM) + LENGTH (RAM))
                0x0000000020041000                __StackOneTop = (ORIGIN (SCRATCH_X) + LENGTH (SCRATCH_X))
                0x0000000020042000                __StackTop = (ORIGIN (SCRATCH_Y) + LENGTH (SCRATCH_Y))
                0x0000000020041000                __StackOneBottom = (__StackOneTop - SIZEOF (.stack1_dummy))
                0x0000000020041800                __StackBottom = (__StackTop - SIZEOF (.stack_dummy))
                0x0000000020042000                PROVIDE (__stack = __StackTop)
                0x0000000000000001                ASSERT ((__StackLimit >= __HeapLimit), region RAM overflowed)
                0x0000000000000001                ASSERT (((__binary_info_header_end - __logical_binary_start) <= 0x100), Binary info must be in first 256 bytes of the binary)
LOAD CMakeFiles/lab3.dir/lab3.c.obj
LOAD CMakeFiles/lab3.dir/myAssert.c.obj
LOAD CMakeFiles/lab3.dir/home/ian/src/pico/pico-sdk/src/rp2_common/pico_stdlib/stdlib.c.obj
LOAD CMakeFiles/lab3.dir/home/ian/src/pico/pico-sdk/src/rp2_common/hardware_gpio/gpio.c.obj
LOAD CMakeFiles/lab3.dir/home/ian/src/pico/pico-sdk/src/rp2_common/hardware_claim/claim.c.obj
LOAD CMakeFiles/lab3.dir/home/ian/src/pico/pico-sdk/src/rp2_common/pico_platform/platform.c.obj
LOAD CMakeFiles/lab3.dir/home/ian/src/pico/pico-sdk/src/rp2_common/hardware_sync/sync.c.obj
LOAD CMakeFiles/lab3.dir/home/ian/src/pico/pico-sdk/src/rp2_common/hardware_irq/irq.c.obj
LOAD CMakeFiles/lab3.dir/home/ian/src/pico/pico-sdk/src/rp2_common/hardware_irq/irq_handler_chain.S.obj
LOAD CMakeFiles/lab3.dir/home/ian/src/pico/pico-sdk/src/common/pico_sync/sem.c.obj
LOAD CMakeFiles/lab3.dir/home/ian/src/pico/pico-sdk/src/common/pico_sync/lock_core.c.obj
LOAD CMakeFiles/lab3.dir/home/ian/src/pico/pico-sdk/src/common/pico_time/time.c.obj
LOAD CMakeFiles/lab3.dir/home/ian/src/pico/pico-sdk/src/common/pico_time/timeout_helper.c.obj
LOAD CMakeFiles/lab3.dir/home/ian/src/pico/pico-sdk/src/rp2_common/hardware_timer/timer.c.obj
LOAD CMakeFiles/lab3.dir/home/ian/src/pico/pico-sdk/src/common/pico_util/datetime.c.obj
LOAD CMakeFiles/lab3.dir/home/ian/src/pico/pico-sdk/src/common/pico_util/pheap.c.obj
LOAD CMakeFiles/lab3.dir/home/ian/src/pico/pico-sdk/src/common/pico_util/queue.c.obj
LOAD CMakeFiles/lab3.dir/home/ian/src/pico/pico-sdk/src/common/pico_sync/mutex.c.obj
LOAD CMakeFiles/lab3.dir/home/ian/src/pico/pico-sdk/src/common/pico_sync/critical_section.c.obj
LOAD CMakeFiles/lab3.dir/home/ian/src/pico/pico-sdk/src/rp2_common/hardware_uart/uart.c.obj
LOAD CMakeFiles/lab3.dir/home/ian/src/pico/pico-sdk/src/rp2_common/hardware_divider/divider.S.obj
LOAD CMakeFiles/lab3.dir/home/ian/src/pico/pico-sdk/src/rp2_common/pico_runtime/runtime.c.obj
LOAD CMakeFiles/lab3.dir/home/ian/src/pico/pico-sdk/src/rp2_common/hardware_clocks/clocks.c.obj
LOAD CMakeFiles/lab3.dir/home/ian/src/pico/pico-sdk/src/rp2_common/hardware_pll/pll.c.obj
LOAD CMakeFiles/lab3.dir/home/ian/src/pico/pico-sdk/src/rp2_common/hardware_vreg/vreg.c.obj
LOAD CMakeFiles/lab3.dir/home/ian/src/pico/pico-sdk/src/rp2_common/hardware_watchdog/watchdog.c.obj
LOAD CMakeFiles/lab3.dir/home/ian/src/pico/pico-sdk/src/rp2_common/hardware_xosc/xosc.c.obj
LOAD CMakeFiles/lab3.dir/home/ian/src/pico/pico-sdk/src/rp2_common/pico_printf/printf.c.obj
LOAD CMakeFiles/lab3.dir/home/ian/src/pico/pico-sdk/src/rp2_common/pico_bit_ops/bit_ops_aeabi.S.obj
LOAD CMakeFiles/lab3.dir/home/ian/src/pico/pico-sdk/src/rp2_common/pico_bootrom/bootrom.c.obj
LOAD CMakeFiles/lab3.dir/home/ian/src/pico/pico-sdk/src/rp2_common/pico_divider/divider.S.obj
LOAD CMakeFiles/lab3.dir/home/ian/src/pico/pico-sdk/src/rp2_common/pico_double/double_aeabi.S.obj
LOAD CMakeFiles/lab3.dir/home/ian/src/pico/pico-sdk/src/rp2_common/pico_double/double_init_rom.c.obj
LOAD CMakeFiles/lab3.dir/home/ian/src/pico/pico-sdk/src/rp2_common/pico_double/double_math.c.obj
LOAD CMakeFiles/lab3.dir/home/ian/src/pico/pico-sdk/src/rp2_common/pico_double/double_v1_rom_shim.S.obj
LOAD CMakeFiles/lab3.dir/home/ian/src/pico/pico-sdk/src/rp2_common/pico_int64_ops/pico_int64_ops_aeabi.S.obj
LOAD CMakeFiles/lab3.dir/home/ian/src/pico/pico-sdk/src/rp2_common/pico_float/float_aeabi.S.obj
LOAD CMakeFiles/lab3.dir/home/ian/src/pico/pico-sdk/src/rp2_common/pico_float/float_init_rom.c.obj
LOAD CMakeFiles/lab3.dir/home/ian/src/pico/pico-sdk/src/rp2_common/pico_float/float_math.c.obj
LOAD CMakeFiles/lab3.dir/home/ian/src/pico/pico-sdk/src/rp2_common/pico_float/float_v1_rom_shim.S.obj
LOAD CMakeFiles/lab3.dir/home/ian/src/pico/pico-sdk/src/rp2_common/pico_malloc/pico_malloc.c.obj
LOAD CMakeFiles/lab3.dir/home/ian/src/pico/pico-sdk/src/rp2_common/pico_mem_ops/mem_ops_aeabi.S.obj
LOAD CMakeFiles/lab3.dir/home/ian/src/pico/pico-sdk/src/rp2_common/pico_standard_link/crt0.S.obj
LOAD CMakeFiles/lab3.dir/home/ian/src/pico/pico-sdk/src/rp2_common/pico_standard_link/new_delete.cpp.obj
LOAD CMakeFiles/lab3.dir/home/ian/src/pico/pico-sdk/src/rp2_common/pico_standard_link/binary_info.c.obj
LOAD CMakeFiles/lab3.dir/home/ian/src/pico/pico-sdk/src/rp2_common/pico_stdio/stdio.c.obj
LOAD CMakeFiles/lab3.dir/home/ian/src/pico/pico-sdk/src/rp2_common/pico_stdio_usb/reset_interface.c.obj
LOAD CMakeFiles/lab3.dir/home/ian/src/pico/pico-sdk/src/rp2_common/pico_stdio_usb/stdio_usb.c.obj
LOAD CMakeFiles/lab3.dir/home/ian/src/pico/pico-sdk/src/rp2_common/pico_stdio_usb/stdio_usb_descriptors.c.obj
LOAD CMakeFiles/lab3.dir/home/ian/src/pico/pico-sdk/lib/tinyusb/src/portable/raspberrypi/rp2040/dcd_rp2040.c.obj
LOAD CMakeFiles/lab3.dir/home/ian/src/pico/pico-sdk/lib/tinyusb/src/portable/raspberrypi/rp2040/rp2040_usb.c.obj
LOAD CMakeFiles/lab3.dir/home/ian/src/pico/pico-sdk/lib/tinyusb/src/device/usbd.c.obj
LOAD CMakeFiles/lab3.dir/home/ian/src/pico/pico-sdk/lib/tinyusb/src/device/usbd_control.c.obj
LOAD CMakeFiles/lab3.dir/home/ian/src/pico/pico-sdk/lib/tinyusb/src/class/audio/audio_device.c.obj
LOAD CMakeFiles/lab3.dir/home/ian/src/pico/pico-sdk/lib/tinyusb/src/class/cdc/cdc_device.c.obj
LOAD CMakeFiles/lab3.dir/home/ian/src/pico/pico-sdk/lib/tinyusb/src/class/dfu/dfu_device.c.obj
LOAD CMakeFiles/lab3.dir/home/ian/src/pico/pico-sdk/lib/tinyusb/src/class/dfu/dfu_rt_device.c.obj
LOAD CMakeFiles/lab3.dir/home/ian/src/pico/pico-sdk/lib/tinyusb/src/class/hid/hid_device.c.obj
LOAD CMakeFiles/lab3.dir/home/ian/src/pico/pico-sdk/lib/tinyusb/src/class/midi/midi_device.c.obj
LOAD CMakeFiles/lab3.dir/home/ian/src/pico/pico-sdk/lib/tinyusb/src/class/msc/msc_device.c.obj
LOAD CMakeFiles/lab3.dir/home/ian/src/pico/pico-sdk/lib/tinyusb/src/class/net/ecm_rndis_device.c.obj
LOAD CMakeFiles/lab3.dir/home/ian/src/pico/pico-sdk/lib/tinyusb/src/class/net/ncm_device.c.obj
LOAD CMakeFiles/lab3.dir/home/ian/src/pico/pico-sdk/lib/tinyusb/src/class/usbtmc/usbtmc_device.c.obj
LOAD CMakeFiles/lab3.dir/home/ian/src/pico/pico-sdk/lib/tinyusb/src/class/vendor/vendor_device.c.obj
LOAD CMakeFiles/lab3.dir/home/ian/src/pico/pico-sdk/lib/tinyusb/src/class/video/video_device.c.obj
LOAD CMakeFiles/lab3.dir/home/ian/src/pico/pico-sdk/lib/tinyusb/src/tusb.c.obj
LOAD CMakeFiles/lab3.dir/home/ian/src/pico/pico-sdk/lib/tinyusb/src/common/tusb_fifo.c.obj